[Licensing::Module] Trying to connect to existing licensing client channel...
[Licensing::IpcConnector] Successfully connected to the License Client on channel: "LicenseClient-Lrx" at "2026-10-03T13:25:44.0233629Z"
[Licensing::Client] Error: Code 10 while verifying Licensing Client signature (process Id: 15172, path: "D:/app/unity/Unity Hub/UnityLicensingClient_V1/Unity.Licensing.Client.exe")
[Licensing::Module] Error: LicensingClient has failed validation; ignoring
[Licensing::Client] Handshaking with LicensingClient:
  Version:                 1.16.1+e780b2e
  Session Id:              1c36810089f645b7ae34010f1438adb6
  Correlation Id:          da5b09e588178c0be39225ff9aa19a21
  External correlation Id: 697476832776578961
  Machine Id:              9g+lbAYtXlaioPvFqIsBnljEQAk=
[Licensing::Module] Successfully connected to LicensingClient on channel: "LicenseClient-Lrx" (connect: 0.00s, validation: 0.02s, handshake: 0.06s)
[Licensing::IpcConnector] Successfully connected to the License Notification on channel: "LicenseClient-Lrx-notifications" at "2026-10-03T13:25:44.1000319Z"
Entitlement-based licensing initiated
[Licensing::Module] Error: Access token is unavailable; failed to update
[Licensing::Client] Successfully updated license
Built from '2021.3/china_unity/release' branch; Version is '2021.3.45f2c1 (8058fe21db2f) revision 8411390'; Using compiler version '192829333'; Build Type 'Release'
OS: 'Windows 11  (10.0.26200) 64bit CoreCountrySpecific' Language: 'zh' Physical Memory: 16091 MB
[Licensing::Client] Successfully resolved entitlement details
[Licensing::Module] Serial number assigned to: "F4-34H7-J3F7-R6EE-QXDR-XXXX"
BatchMode: 1, IsHumanControllingUs: 0, StartBugReporterOnCrash: 0, Is64bit: 1, IsPro: 0
[Licensing::Client] Successfully resolved entitlement details
[Package Manager] Server::Start -- Port 55801 was selected

COMMAND LINE ARGUMENTS:
D:\app\unity\Unity Hub\2021.3.45f2c1\Editor\Unity.exe
-batchmode
-nographics
-quit
-projectPath
D:\git\CancerTrace\unity\CancerTraceClient
-logFile
D:\git\CancerTrace\unity\CancerTraceClient\font_precheck.log
Successfully changed project path to: D:\git\CancerTrace\unity\CancerTraceClient
D:/git/CancerTrace/unity/CancerTraceClient
[UnityMemory] Configuration Parameters - Can be set up in boot.config
    "memorysetup-bucket-allocator-granularity=16"
    "memorysetup-bucket-allocator-bucket-count=8"
    "memorysetup-bucket-allocator-block-size=33554432"
    "memorysetup-bucket-allocator-block-count=8"
    "memorysetup-main-allocator-block-size=16777216"
    "memorysetup-thread-allocator-block-size=16777216"
    "memorysetup-gfx-main-allocator-block-size=16777216"
    "memorysetup-gfx-thread-allocator-block-size=16777216"
    "memorysetup-cache-allocator-block-size=4194304"
    "memorysetup-typetree-allocator-block-size=2097152"
    "memorysetup-profiler-bucket-allocator-granularity=16"
    "memorysetup-profiler-bucket-allocator-bucket-count=8"
    "memorysetup-profiler-bucket-allocator-block-size=33554432"
    "memorysetup-profiler-bucket-allocator-block-count=8"
    "memorysetup-profiler-allocator-block-size=16777216"
    "memorysetup-profiler-editor-allocator-block-size=1048576"
    "memorysetup-temp-allocator-size-main=16777216"
    "memorysetup-job-temp-allocator-block-size=2097152"
    "memorysetup-job-temp-allocator-block-size-background=1048576"
    "memorysetup-job-temp-allocator-reduction-small-platforms=262144"
    "memorysetup-temp-allocator-size-background-worker=32768"
    "memorysetup-temp-allocator-size-job-worker=262144"
    "memorysetup-temp-allocator-size-preload-manager=33554432"
    "memorysetup-temp-allocator-size-nav-mesh-worker=65536"
    "memorysetup-temp-allocator-size-audio-worker=65536"
    "memorysetup-temp-allocator-size-cloud-worker=32768"
    "memorysetup-temp-allocator-size-gi-baking-worker=262144"
    "memorysetup-temp-allocator-size-gfx=262144"
Player connection [30432] Host "[IP] 10.199.129.133 [Port] 55496 [Flags] 2 [Guid] 943209583 [EditorId] 943209583 [Version] 1048832 [Id] WindowsEditor(7,LAPTOP-VVON5SB6) [Debug] 1 [PackageName] WindowsEditor [ProjectName] Editor" joined multi-casting on [225.0.0.222:54997]...

Player connection [30432] Host "[IP] 10.199.129.133 [Port] 55496 [Flags] 2 [Guid] 943209583 [EditorId] 943209583 [Version] 1048832 [Id] WindowsEditor(7,LAPTOP-VVON5SB6) [Debug] 1 [PackageName] WindowsEditor [ProjectName] Editor" joined alternative multi-casting on [225.0.0.222:34997]...

AS: AutoStreaming module initializing.
[Physics::Module] Initialized MultithreadedJobDispatcher with {0} workers.
[Package Manager] Restoring resolved packages state from cache
[Licensing::Client] Successfully resolved entitlement details
[Package Manager] 
Registered 57 packages:
  Packages from [https://packages.unity.cn]:
    com.unity.collab-proxy@2.5.2 (location: D:\git\CancerTrace\unity\CancerTraceClient\Library\PackageCache\com.unity.collab-proxy@2.5.2)
    com.unity.ide.rider@3.0.31 (location: D:\git\CancerTrace\unity\CancerTraceClient\Library\PackageCache\com.unity.ide.rider@3.0.31)
    com.unity.ide.visualstudio@2.0.22 (location: D:\git\CancerTrace\unity\CancerTraceClient\Library\PackageCache\com.unity.ide.visualstudio@2.0.22)
    com.unity.ide.vscode@1.2.5 (location: D:\git\CancerTrace\unity\CancerTraceClient\Library\PackageCache\com.unity.ide.vscode@1.2.5)
    com.unity.nuget.newtonsoft-json@3.2.2 (location: D:\git\CancerTrace\unity\CancerTraceClient\Library\PackageCache\com.unity.nuget.newtonsoft-json@3.2.2)
    com.unity.test-framework@1.1.33 (location: D:\git\CancerTrace\unity\CancerTraceClient\Library\PackageCache\com.unity.test-framework@1.1.33)
    com.unity.textmeshpro@3.0.6 (location: D:\git\CancerTrace\unity\CancerTraceClient\Library\PackageCache\com.unity.textmeshpro@3.0.6)
    com.unity.timeline@1.6.5 (location: D:\git\CancerTrace\unity\CancerTraceClient\Library\PackageCache\com.unity.timeline@1.6.5)
    com.unity.visualscripting@1.9.4 (location: D:\git\CancerTrace\unity\CancerTraceClient\Library\PackageCache\com.unity.visualscripting@1.9.4)
    com.unity.ext.nunit@1.0.6 (location: D:\git\CancerTrace\unity\CancerTraceClient\Library\PackageCache\com.unity.ext.nunit@1.0.6)
    com.unity.2d.animation@7.1.1 (location: D:\git\CancerTrace\unity\CancerTraceClient\Library\PackageCache\com.unity.2d.animation@7.1.1)
    com.unity.2d.pixel-perfect@5.0.3 (location: D:\git\CancerTrace\unity\CancerTraceClient\Library\PackageCache\com.unity.2d.pixel-perfect@5.0.3)
    com.unity.2d.psdimporter@6.0.9 (location: D:\git\CancerTrace\unity\CancerTraceClient\Library\PackageCache\com.unity.2d.psdimporter@6.0.9)
    com.unity.2d.spriteshape@7.0.7 (location: D:\git\CancerTrace\unity\CancerTraceClient\Library\PackageCache\com.unity.2d.spriteshape@7.0.7)
    com.unity.2d.tilemap.extras@2.2.7 (location: D:\git\CancerTrace\unity\CancerTraceClient\Library\PackageCache\com.unity.2d.tilemap.extras@2.2.7)
    com.unity.2d.aseprite@1.1.6 (location: D:\git\CancerTrace\unity\CancerTraceClient\Library\PackageCache\com.unity.2d.aseprite@1.1.6)
    com.unity.2d.common@6.0.7 (location: D:\git\CancerTrace\unity\CancerTraceClient\Library\PackageCache\com.unity.2d.common@6.0.7)
    com.unity.mathematics@1.2.6 (location: D:\git\CancerTrace\unity\CancerTraceClient\Library\PackageCache\com.unity.mathematics@1.2.6)
    com.unity.2d.path@5.0.2 (location: D:\git\CancerTrace\unity\CancerTraceClient\Library\PackageCache\com.unity.2d.path@5.0.2)
    com.unity.burst@1.8.18 (location: D:\git\CancerTrace\unity\CancerTraceClient\Library\PackageCache\com.unity.burst@1.8.18)
  Built-in packages:
    com.unity.feature.2d@2.0.1 (location: D:\git\CancerTrace\unity\CancerTraceClient\Library\PackageCache\com.unity.feature.2d@2.0.1)
    com.unity.ugui@1.0.0 (location: D:\git\CancerTrace\unity\CancerTraceClient\Library\PackageCache\com.unity.ugui@1.0.0)
    com.unity.modules.ai@1.0.0 (location: D:\git\CancerTrace\unity\CancerTraceClient\Library\PackageCache\com.unity.modules.ai@1.0.0)
    com.unity.modules.androidjni@1.0.0 (location: D:\git\CancerTrace\unity\CancerTraceClient\Library\PackageCache\com.unity.modules.androidjni@1.0.0)
    com.unity.modules.animation@1.0.0 (location: D:\git\CancerTrace\unity\CancerTraceClient\Library\PackageCache\com.unity.modules.animation@1.0.0)
    com.unity.modules.assetbundle@1.0.0 (location: D:\git\CancerTrace\unity\CancerTraceClient\Library\PackageCache\com.unity.modules.assetbundle@1.0.0)
    com.unity.modules.audio@1.0.0 (location: D:\git\CancerTrace\unity\CancerTraceClient\Library\PackageCache\com.unity.modules.audio@1.0.0)
    com.unity.modules.cloth@1.0.0 (location: D:\git\CancerTrace\unity\CancerTraceClient\Library\PackageCache\com.unity.modules.cloth@1.0.0)
    com.unity.modules.director@1.0.0 (location: D:\git\CancerTrace\unity\CancerTraceClient\Library\PackageCache\com.unity.modules.director@1.0.0)
    com.unity.modules.imageconversion@1.0.0 (location: D:\git\CancerTrace\unity\CancerTraceClient\Library\PackageCache\com.unity.modules.imageconversion@1.0.0)
    com.unity.modules.imgui@1.0.0 (location: D:\git\CancerTrace\unity\CancerTraceClient\Library\PackageCache\com.unity.modules.imgui@1.0.0)
    com.unity.modules.jsonserialize@1.0.0 (location: D:\git\CancerTrace\unity\CancerTraceClient\Library\PackageCache\com.unity.modules.jsonserialize@1.0.0)
    com.unity.modules.particlesystem@1.0.0 (location: D:\git\CancerTrace\unity\CancerTraceClient\Library\PackageCache\com.unity.modules.particlesystem@1.0.0)
    com.unity.modules.physics@1.0.0 (location: D:\git\CancerTrace\unity\CancerTraceClient\Library\PackageCache\com.unity.modules.physics@1.0.0)
    com.unity.modules.physics2d@1.0.0 (location: D:\git\CancerTrace\unity\CancerTraceClient\Library\PackageCache\com.unity.modules.physics2d@1.0.0)
    com.unity.modules.screencapture@1.0.0 (location: D:\git\CancerTrace\unity\CancerTraceClient\Library\PackageCache\com.unity.modules.screencapture@1.0.0)
    com.unity.modules.terrain@1.0.0 (location: D:\git\CancerTrace\unity\CancerTraceClient\Library\PackageCache\com.unity.modules.terrain@1.0.0)
    com.unity.modules.terrainphysics@1.0.0 (location: D:\git\CancerTrace\unity\CancerTraceClient\Library\PackageCache\com.unity.modules.terrainphysics@1.0.0)
    com.unity.modules.tilemap@1.0.0 (location: D:\git\CancerTrace\unity\CancerTraceClient\Library\PackageCache\com.unity.modules.tilemap@1.0.0)
    com.unity.modules.ui@1.0.0 (location: D:\git\CancerTrace\unity\CancerTraceClient\Library\PackageCache\com.unity.modules.ui@1.0.0)
    com.unity.modules.uielements@1.0.0 (location: D:\git\CancerTrace\unity\CancerTraceClient\Library\PackageCache\com.unity.modules.uielements@1.0.0)
    com.unity.modules.umbra@1.0.0 (location: D:\git\CancerTrace\unity\CancerTraceClient\Library\PackageCache\com.unity.modules.umbra@1.0.0)
    com.unity.modules.unityanalytics@1.0.0 (location: D:\git\CancerTrace\unity\CancerTraceClient\Library\PackageCache\com.unity.modules.unityanalytics@1.0.0)
    com.unity.modules.unitywebrequest@1.0.0 (location: D:\git\CancerTrace\unity\CancerTraceClient\Library\PackageCache\com.unity.modules.unitywebrequest@1.0.0)
    com.unity.modules.unitywebrequestassetbundle@1.0.0 (location: D:\git\CancerTrace\unity\CancerTraceClient\Library\PackageCache\com.unity.modules.unitywebrequestassetbundle@1.0.0)
    com.unity.modules.unitywebrequestaudio@1.0.0 (location: D:\git\CancerTrace\unity\CancerTraceClient\Library\PackageCache\com.unity.modules.unitywebrequestaudio@1.0.0)
    com.unity.modules.unitywebrequesttexture@1.0.0 (location: D:\git\CancerTrace\unity\CancerTraceClient\Library\PackageCache\com.unity.modules.unitywebrequesttexture@1.0.0)
    com.unity.modules.unitywebrequestwww@1.0.0 (location: D:\git\CancerTrace\unity\CancerTraceClient\Library\PackageCache\com.unity.modules.unitywebrequestwww@1.0.0)
    com.unity.modules.vehicles@1.0.0 (location: D:\git\CancerTrace\unity\CancerTraceClient\Library\PackageCache\com.unity.modules.vehicles@1.0.0)
    com.unity.modules.video@1.0.0 (location: D:\git\CancerTrace\unity\CancerTraceClient\Library\PackageCache\com.unity.modules.video@1.0.0)
    com.unity.modules.vr@1.0.0 (location: D:\git\CancerTrace\unity\CancerTraceClient\Library\PackageCache\com.unity.modules.vr@1.0.0)
    com.unity.modules.wind@1.0.0 (location: D:\git\CancerTrace\unity\CancerTraceClient\Library\PackageCache\com.unity.modules.wind@1.0.0)
    com.unity.modules.xr@1.0.0 (location: D:\git\CancerTrace\unity\CancerTraceClient\Library\PackageCache\com.unity.modules.xr@1.0.0)
    com.unity.modules.subsystems@1.0.0 (location: D:\git\CancerTrace\unity\CancerTraceClient\Library\PackageCache\com.unity.modules.subsystems@1.0.0)
    com.unity.modules.uielementsnative@1.0.0 (location: D:\git\CancerTrace\unity\CancerTraceClient\Library\PackageCache\com.unity.modules.uielementsnative@1.0.0)
    com.unity.2d.sprite@1.0.0 (location: D:\git\CancerTrace\unity\CancerTraceClient\Library\PackageCache\com.unity.2d.sprite@1.0.0)
    com.unity.2d.tilemap@1.0.0 (location: D:\git\CancerTrace\unity\CancerTraceClient\Library\PackageCache\com.unity.2d.tilemap@1.0.0)

[Subsystems] No new subsystems found in resolved package list.
Package Manager log level set to [2]
[Package Manager] Done registering packages in 0.56s seconds
Refreshing native plugins compatible for Editor in 33.30 ms, found 4 plugins.
Preloading 0 native plugins for Editor in 0.00 ms.
Initialize engine version: 2021.3.45f2c1 (8058fe21db2f)
[Subsystems] Discovering subsystems at path D:/app/unity/Unity Hub/2021.3.45f2c1/Editor/Data/Resources/UnitySubsystems
[Subsystems] Discovering subsystems at path D:/git/CancerTrace/unity/CancerTraceClient/Assets
Forcing GfxDevice: Null
GfxDevice: creating device client; threaded=0; jobified=0
NullGfxDevice:
    Version:  NULL 1.0 [1.0]
    Renderer: Null Device
    Vendor:   Unity Technologies
[Licensing::Client] Successfully resolved entitlement details
Initialize mono
Mono path[0] = 'D:/app/unity/Unity Hub/2021.3.45f2c1/Editor/Data/Managed'
Mono path[1] = 'D:/app/unity/Unity Hub/2021.3.45f2c1/Editor/Data/MonoBleedingEdge/lib/mono/unityjit-win32'
Mono config path = 'D:/app/unity/Unity Hub/2021.3.45f2c1/Editor/Data/MonoBleedingEdge/etc'
Using monoOptions --debugger-agent=transport=dt_socket,embedding=1,server=y,suspend=n,address=127.0.0.1:56452
Using cacheserver namespaces - metadata:defaultmetadata, artifacts:defaultartifacts
Using cacheserver namespaces - metadata:defaultmetadata, artifacts:defaultartifacts
ImportWorker Server TCP listen port: 0
AcceleratorClientConnectionCallback - disconnected - :0
Begin MonoManager ReloadAssembly
Registering precompiled unity dll's ...
Register platform support module: D:/app/unity/Unity Hub/2021.3.45f2c1/Editor/Data/PlaybackEngines/WindowsStandaloneSupport/UnityEditor.WindowsStandalone.Extensions.dll
Registered in 0.014027 seconds.
Native extension for WindowsStandalone target not found
Refreshing native plugins compatible for Editor in 2.55 ms, found 4 plugins.
Preloading 0 native plugins for Editor in 0.00 ms.
Mono: successfully reloaded assembly
- Completed reload, in  0.697 seconds
Domain Reload Profiling:
	ReloadAssembly (698ms)
		BeginReloadAssembly (169ms)
			ExecutionOrderSort (0ms)
			DisableScriptedObjects (0ms)
			BackupInstance (0ms)
			ReleaseScriptingObjects (0ms)
			CreateAndSetChildDomain (1ms)
		EndReloadAssembly (388ms)
			LoadAssemblies (165ms)
			RebuildTransferFunctionScriptingTraits (0ms)
			SetupTypeCache (106ms)
			ReleaseScriptCaches (0ms)
			RebuildScriptCaches (27ms)
			SetupLoadedEditorAssemblies (204ms)
				LogAssemblyErrors (0ms)
				InitializePlatformSupportModulesInManaged (9ms)
				SetLoadedEditorAssemblies (0ms)
				RefreshPlugins (3ms)
				BeforeProcessingInitializeOnLoad (1ms)
				ProcessInitializeOnLoadAttributes (140ms)
				ProcessInitializeOnLoadMethodAttributes (50ms)
				AfterProcessingInitializeOnLoad (0ms)
				EditorAssembliesLoaded (0ms)
			ExecutionOrderSort2 (0ms)
			AwakeInstancesAfterBackupRestoration (0ms)
Platform modules already initialized, skipping
[Licensing::Client] Successfully resolved entitlement details
Application.AssetDatabase Initial Refresh Start
Registering precompiled user dll's ...
Registered in 0.026454 seconds.
Start importing ProjectSettings/EditorBuildSettings.asset using Guid(0000000000000000b000000000000000) Importer(-1,00000000000000000000000000000000)  -> (artifact id: 'b710453913010f5b13bd1caee51e5b0e') in 0.009209 seconds 
Start importing Assets/Scripts/Gameplay/Flow/GameplayService.cs using Guid(a131e403dbe133d48858329bc32bbee0) Importer(-1,00000000000000000000000000000000)  -> (artifact id: '6742c64417237a78f7b3b31a4520ed9c') in 0.004448 seconds 
Start importing Assets/Scripts/Gameplay/Flow/GameplayViews.cs using Guid(fb31f7ef5844707499e9a64a3c07c5a1) Importer(-1,00000000000000000000000000000000)  -> (artifact id: 'ec61280ec685037ccb6b186f46d76693') in 0.003811 seconds 
[ScriptCompilation] Requested script compilation because: Assetdatabase observed changes in script compilation related files
Starting: D:\app\unity\Unity Hub\2021.3.45f2c1\Editor\Data\bee_backend.exe --profile="Library/Bee/backend_profiler0.traceevents" --stdin-canary --dagfile="Library/Bee/1900b0aE.dag" --continue-on-failure ScriptAssemblies
WorkingDir: D:/git/CancerTrace/unity/CancerTraceClient
ExitCode: 4 Duration: 0s109ms
Rebuilding DAG because FileSignature timestamp changed: Library/Bee/1900b0aE-inputdata.json
*** Tundra requires additional run (0.04 seconds), 0 items updated, 0 evaluated
Starting: D:\app\unity\Unity Hub\2021.3.45f2c1\Editor\Data\Tools\netcorerun\netcorerun.exe "D:\app\unity\Unity Hub\2021.3.45f2c1\Editor\Data\Tools\BuildPipeline\ScriptCompilationBuildProgram.exe" "Library/Bee/1900b0aE.dag.json" "Library/Bee/1900b0aE-inputdata.json" "Library/Bee/buildprogram0.traceevents"
WorkingDir: D:/git/CancerTrace/unity/CancerTraceClient
ExitCode: 0 Duration: 0s796ms
Starting: D:\app\unity\Unity Hub\2021.3.45f2c1\Editor\Data\bee_backend.exe --profile="Library/Bee/backend_profiler1.traceevents" --stdin-canary --dagfile="Library/Bee/1900b0aE.dag" --continue-on-failure --dagfilejson="Library/Bee/1900b0aE.dag.json" ScriptAssemblies
WorkingDir: D:/git/CancerTrace/unity/CancerTraceClient
ExitCode: 0 Duration: 1s842ms
Finished compiling graph: 565 nodes, 6510 flattened edges (6510 ToBuild, 0 ToUse), maximum node priority 346
[           0s] Delete 17 artifact files that are no longer in use. (like Library\Bee\artifacts\1900b0aE.dag\post-processed\Assembly-CSharp-Editor.pdb)
[208/564    0s] WriteText Library/Bee/artifacts/1900b0aE.dag/Assembly-CSharp.rsp
[560/564    1s] Csc Library/Bee/artifacts/1900b0aE.dag/Assembly-CSharp.dll (+2 others)
[561/564    0s] ILPostProcess Library/Bee/artifacts/1900b0aE.dag/post-processed/Assembly-CSharp.dll (+pdb)
- Starting ILPostProcessorRunner

- Starting ILPostProcessor 'zzzUnity.Burst.CodeGen.BurstILPostProcessor' on Assembly-CSharp.dll

- Finished ILPostProcessor 'zzzUnity.Burst.CodeGen.BurstILPostProcessor' on Assembly-CSharp.dll in 0.140867 seconds

- Finished ILPostProcessorRunner in 0.177836 seconds
[562/564    0s] CopyFiles Library/ScriptAssemblies/Assembly-CSharp.pdb
[563/564    0s] CopyFiles Library/ScriptAssemblies/Assembly-CSharp.dll
*** Tundra build success (1.80 seconds), 5 items updated, 564 evaluated
AssetDatabase: script compilation time: 3.133445s
Begin MonoManager ReloadAssembly
Symbol file LoadedFromMemory is not a mono symbol file
Native extension for WindowsStandalone target not found
Refreshing native plugins compatible for Editor in 54.50 ms, found 4 plugins.
Preloading 0 native plugins for Editor in 0.00 ms.
Mono: successfully reloaded assembly
- Completed reload, in  4.188 seconds
Domain Reload Profiling:
	ReloadAssembly (4189ms)
		BeginReloadAssembly (153ms)
			ExecutionOrderSort (0ms)
			DisableScriptedObjects (5ms)
			BackupInstance (0ms)
			ReleaseScriptingObjects (0ms)
			CreateAndSetChildDomain (21ms)
		EndReloadAssembly (3905ms)
			LoadAssemblies (171ms)
			RebuildTransferFunctionScriptingTraits (0ms)
			SetupTypeCache (241ms)
			ReleaseScriptCaches (0ms)
			RebuildScriptCaches (49ms)
			SetupLoadedEditorAssemblies (3417ms)
				LogAssemblyErrors (0ms)
				InitializePlatformSupportModulesInManaged (7ms)
				SetLoadedEditorAssemblies (0ms)
				RefreshPlugins (55ms)
				BeforeProcessingInitializeOnLoad (89ms)
				ProcessInitializeOnLoadAttributes (3187ms)
				ProcessInitializeOnLoadMethodAttributes (65ms)
				AfterProcessingInitializeOnLoad (14ms)
				EditorAssembliesLoaded (0ms)
			ExecutionOrderSort2 (0ms)
			AwakeInstancesAfterBackupRestoration (9ms)
Platform modules already initialized, skipping
Registering precompiled user dll's ...
Registered in 0.015373 seconds.
Refreshing native plugins compatible for Editor in 0.58 ms, found 4 plugins.
Preloading 0 native plugins for Editor in 0.00 ms.
Asset Pipeline Refresh: Total: 11.728 seconds - Initiated by InitialRefreshV2(ForceSynchronousImport)
	Summary:
		Imports: total=3 (actual=3, local cache=0, cache server=0)
		Asset DB Process Time: managed=2 ms, native=1531 ms
		Asset DB Callback time: managed=255 ms, native=7 ms
		Scripting: domain reloads=1, domain reload time=4309 ms, compile time=3135 ms, other=2485 ms
		Project Asset Count: scripts=4618, non-scripts=1160
		Asset File Changes: new=0, changed=3, moved=0, deleted=18
		Scan Filter Count: 1
	InvokeBeforeRefreshCallbacks: 1.004ms
	ApplyChangesToAssetFolders: 0.068ms
	Scan: 1299.709ms
	OnSourceAssetsModified: 1.235ms
	UnregisterDeletedAssets: 0.004ms
	InitializeImportedAssetsSnapshot: 7.757ms
	GetAllGuidsForCategorization: 0.567ms
	CategorizeAssets: 110.379ms
	ImportOutOfDateAssets: 9982.263ms (6822.139ms without children)
		ImportManagerImport: 22.823ms (1.663ms without children)
			ImportInProcess: 21.118ms
			UpdateCategorizedAssets: 0.042ms
		CompileScripts: 3135.100ms
		ReloadImportedAssets: 0.003ms
		EnsureUptoDateAssetsAreRegisteredWithGuidPM: 1.131ms
		InitializingProgressBar: 0.004ms
		PostProcessAllAssetNotificationsAddChangedAssets: 0.559ms
		OnDemandSchedulerStart: 0.504ms
	ReloadSourceAssets: 0.472ms
	UnloadImportedAssets: 19.372ms
	PostProcessAllAssets: 259.483ms
	Hotreload: 1.954ms
	GatherAllCurrentPrimaryArtifactRevisions: 0.000ms
	UnloadStreamsBegin: 0.427ms
	LoadedImportedAssetsSnapshotReleaseGCHandles: 1.215ms
	GetLoadedSourceAssetsIDs: 0.041ms
	GetLoadedSourceAssetsSnapshot: 0.481ms
	PersistCurrentRevisions: 0.502ms
	UnloadStreamsEnd: 0.041ms
	GenerateScriptTypeHashes: 0.631ms
	Untracked: 300.160ms
Application.AssetDatabase Initial Refresh End
Scanning for USB devices : 5.123ms
Initializing Unity extensions:
[MODES] ModeService[none].Initialize
[MODES] ModeService[none].LoadModes
[MODES] Loading mode Default (0) for mode-current-id-CancerTraceClient
ProgressiveSceneManager::Cancel()
Unloading 128 Unused Serialized files (Serialized files now loaded: 0)
Unloading 176 unused Assets / (464.1 KB). Loaded Objects now: 4283.
Memory consumption went from 113.3 MB to 112.9 MB.
Total: 5.575400 ms (FindLiveObjects: 0.229000 ms CreateObjectMapping: 0.074900 ms MarkObjects: 5.009300 ms  DeleteObjects: 0.260600 ms)

Batchmode quit successfully invoked - shutting down!
[Licensing::IpcConnector] License Notification channel disconnected successfully.
[Licensing::IpcConnector] License Client channel disconnected successfully.
AcceleratorClientConnectionCallback - disconnected - :0
Cleanup mono
debugger-agent: Unable to listen on 5016
[Performance] WinEditorMain                                                                                              :        1 samples, Peak.  3.40 s (1.0x), Avg.  3.40 s, Total. 3.399 s (16.7%)
[Performance] WinEditorMain.ConfigureCrashHandler                                                                        :        1 samples, Peak.  29.6 us (1.0x), Avg.  29.6 us, Total. 29.60 us (0.0%)
[Performance] WinEditorMain.CurlRequestInitialize                                                                        :        1 samples, Peak.   999 us (1.0x), Avg.   999 us, Total. 998.7 us (0.0%)
[Performance] WinEditorMain.SetupLogFile                                                                                 :        1 samples, Peak.  1.03 ms (1.0x), Avg.  1.03 ms, Total. 1.027 ms (0.0%)
[Performance] WinEditorMain.RunNativeTestsIfRequiredAndExit                                                              :        1 samples, Peak.   300 ns (1.0x), Avg.   300 ns, Total. 300.0 ns (0.0%)
[Performance] WinEditorMain.Licensing                                                                                    :        1 samples, Peak.  3.35 s (1.0x), Avg.  3.35 s, Total. 3.353 s (16.5%)
[Performance] WinEditorMain.InitializeCrashHandler                                                                       :        1 samples, Peak.  16.2 ms (1.0x), Avg.  16.2 ms, Total. 16.21 ms (0.1%)
[Performance] WinEditorMain.CreateApplication                                                                            :        1 samples, Peak.  22.6 ms (1.0x), Avg.  22.6 ms, Total. 22.61 ms (0.1%)
[Performance] Application.InitializeProject                                                                              :        1 samples, Peak.  15.3 s (1.0x), Avg.  15.3 s, Total. 15.26 s (75.1%)
[Performance] Application.PackageManager.StartServer                                                                     :        1 samples, Peak.   199 ms (1.0x), Avg.   199 ms, Total. 199.1 ms (1.0%)
[Performance] Application.AcquireProjectLock                                                                             :        1 samples, Peak.  36.7 ms (1.0x), Avg.  36.7 ms, Total. 36.71 ms (0.2%)
[Performance] Application.InitializeEngineNoGraphics                                                                     :        1 samples, Peak.  73.0 ms (1.0x), Avg.  73.0 ms, Total. 72.95 ms (0.4%)
[Performance] Application.PackageManager.Initialize                                                                      :        1 samples, Peak.   956 ms (1.0x), Avg.   956 ms, Total. 956.0 ms (4.7%)
[Performance] CurlRequestCheck                                                                                           :       17 samples, Peak.  61.2 us (5.5x), Avg.  11.1 us, Total. 188.4 us (0.0%)
[Performance] Application.EngineGraphics.Initialize                                                                      :        1 samples, Peak.  46.5 ms (1.0x), Avg.  46.5 ms, Total. 46.55 ms (0.2%)
[Performance] Application.GI.Initialize                                                                                  :        1 samples, Peak.  8.41 ms (1.0x), Avg.  8.41 ms, Total. 8.411 ms (0.0%)
[Performance] Application.LoadAllDefaultResourcesFromEditor                                                              :        1 samples, Peak.  2.80 ms (1.0x), Avg.  2.80 ms, Total. 2.804 ms (0.0%)
[Performance] Application.LoadMonoAssemblies                                                                             :        1 samples, Peak.   719 ms (1.0x), Avg.   719 ms, Total. 718.6 ms (3.5%)
[Performance] RestoreManagedReferences                                                                                   :        2 samples, Peak.  40.2 ms (2.0x), Avg.  20.1 ms, Total. 40.23 ms (0.2%)
[Performance] InitializeOnLoad LayerSettingsWindow                                                                       :        2 samples, Peak.   377 us (1.4x), Avg.   277 us, Total. 554.2 us (0.0%)
[Performance] InitializeOnLoad ParameterControllerEditor                                                                 :        2 samples, Peak.  16.8 us (1.1x), Avg.  15.3 us, Total. 30.50 us (0.0%)
[Performance] InitializeOnLoad ServicesRepository                                                                        :        2 samples, Peak.  1.18 ms (1.2x), Avg.   955 us, Total. 1.911 ms (0.0%)
[Performance] InitializeOnLoad AdsService                                                                                :        2 samples, Peak.  3.72 ms (1.7x), Avg.  2.20 ms, Total. 4.391 ms (0.0%)
[Performance] InitializeOnLoad AnalyticsService                                                                          :        2 samples, Peak.   162 us (1.1x), Avg.   148 us, Total. 295.6 us (0.0%)
[Performance] InitializeOnLoad BuildService                                                                              :        2 samples, Peak.   146 us (1.1x), Avg.   129 us, Total. 257.0 us (0.0%)
[Performance] InitializeOnLoad CloudBuildPoller                                                                          :        2 samples, Peak.  91.4 us (1.0x), Avg.  90.8 us, Total. 181.6 us (0.0%)
[Performance] InitializeOnLoad CrashService                                                                              :        2 samples, Peak.   111 us (1.0x), Avg.   110 us, Total. 220.5 us (0.0%)
[Performance] InitializeOnLoad PurchasingService                                                                         :        2 samples, Peak.  7.43 ms (1.5x), Avg.  4.93 ms, Total. 9.862 ms (0.0%)
[Performance] InitializeOnLoad UDPService                                                                                :        2 samples, Peak.   199 us (1.1x), Avg.   179 us, Total. 358.3 us (0.0%)
[Performance] InitializeOnLoad UIDocumentHierarchyWatcher                                                                :        2 samples, Peak.   761 us (1.4x), Avg.   537 us, Total. 1.073 ms (0.0%)
[Performance] InitializeOnLoad RetainedMode                                                                              :        2 samples, Peak.  2.25 ms (1.1x), Avg.  2.11 ms, Total. 4.210 ms (0.0%)
[Performance] InitializeOnLoad EditorMonitor                                                                             :        2 samples, Peak.   350 us (1.4x), Avg.   242 us, Total. 485.0 us (0.0%)
[Performance] InitializeOnLoad EditorShaderLoader                                                                        :        2 samples, Peak.   907 us (1.1x), Avg.   859 us, Total. 1.718 ms (0.0%)
[Performance] InitializeOnLoad UXMLEditorFactories                                                                       :        2 samples, Peak.  54.9 ms (1.1x), Avg.  51.2 ms, Total. 102.3 ms (0.5%)
[Performance] InitializeOnLoad SearchMonitor                                                                             :        2 samples, Peak.  26.8 ms (1.5x), Avg.  17.7 ms, Total. 35.34 ms (0.2%)
[Performance] InitializeOnLoad CustomIndexers                                                                            :        2 samples, Peak.  18.1 ms (1.3x), Avg.  14.2 ms, Total. 28.35 ms (0.1%)
[Performance] InitializeOnLoad PlayModeDownload                                                                          :        2 samples, Peak.  1.96 ms (1.9x), Avg.  1.05 ms, Total. 2.105 ms (0.0%)
[Performance] InitializeOnLoad SearchWindow                                                                              :        2 samples, Peak.   126 us (1.1x), Avg.   119 us, Total. 238.7 us (0.0%)
[Performance] InitializeOnLoad EditMode                                                                                  :        2 samples, Peak.   394 us (1.3x), Avg.   301 us, Total. 602.0 us (0.0%)
[Performance] InitializeOnLoad AssetStoreContext                                                                         :        2 samples, Peak.  6.88 ms (1.9x), Avg.  3.62 ms, Total. 7.231 ms (0.0%)
[Performance] InitializeOnLoad DrivenRectTransformUndo                                                                   :        2 samples, Peak.   229 us (1.1x), Avg.   213 us, Total. 426.7 us (0.0%)
[Performance] InitializeOnLoad CacheServerWindow                                                                         :        2 samples, Peak.  15.1 us (1.3x), Avg.  11.6 us, Total. 23.30 us (0.0%)
[Performance] InitializeOnLoad ManagedDebuggerWindow                                                                     :        2 samples, Peak.   736 us (1.6x), Avg.   472 us, Total. 943.9 us (0.0%)
[Performance] InitializeOnLoad WindowLayout                                                                              :        2 samples, Peak.  5.19 ms (1.9x), Avg.  2.72 ms, Total. 5.436 ms (0.0%)
[Performance] InitializeOnLoad PrefabInstanceChangedListener                                                             :        2 samples, Peak.   263 us (1.7x), Avg.   151 us, Total. 302.9 us (0.0%)
[Performance] InitializeOnLoad SettingsService                                                                           :        2 samples, Peak.  8.20 us (1.3x), Avg.  6.25 us, Total. 12.50 us (0.0%)
[Performance] InitializeOnLoad NativeFormatImporterUtility                                                               :        2 samples, Peak.  2.66 ms (1.2x), Avg.  2.18 ms, Total. 4.367 ms (0.0%)
[Performance] InitializeOnLoad UISystemProfilerRenderService                                                             :        2 samples, Peak.  10.6 us (1.2x), Avg.  9.10 us, Total. 18.20 us (0.0%)
[Performance] InitializeOnLoad ShortcutIntegration                                                                       :        2 samples, Peak.  79.8 us (1.1x), Avg.  74.4 us, Total. 148.9 us (0.0%)
[Performance] InitializeOnLoad UnityConnect                                                                              :        2 samples, Peak.  49.5 us (1.0x), Avg.  47.5 us, Total. 95.00 us (0.0%)
[Performance] InitializeOnLoad ObjectSelectorSearch                                                                      :        2 samples, Peak.   339 us (1.8x), Avg.   187 us, Total. 373.9 us (0.0%)
[Performance] InitializeOnLoad ProjectSearch                                                                             :        2 samples, Peak.  38.3 us (1.2x), Avg.  30.7 us, Total. 61.40 us (0.0%)
[Performance] InitializeOnLoad SceneSearch                                                                               :        2 samples, Peak.  24.1 us (1.1x), Avg.  22.8 us, Total. 45.50 us (0.0%)
[Performance] InitializeOnLoad SearchService                                                                             :        2 samples, Peak.   101 us (1.0x), Avg.  96.8 us, Total. 193.7 us (0.0%)
[Performance] InitializeOnLoad AddComponentWindow                                                                        :        2 samples, Peak.  89.6 us (1.1x), Avg.  84.2 us, Total. 168.4 us (0.0%)
[Performance] InitializeOnLoad CloudBuild                                                                                :        2 samples, Peak.  2.30 us (1.0x), Avg.  2.30 us, Total. 4.600 us (0.0%)
[Performance] InitializeOnLoad MixerEffectDefinitionReloader                                                             :        2 samples, Peak.  2.23 ms (1.2x), Avg.  1.93 ms, Total. 3.855 ms (0.0%)
[Performance] InitializeOnLoad MenuItems                                                                                 :        2 samples, Peak.   106 us (1.1x), Avg.  92.3 us, Total. 184.6 us (0.0%)
[Performance] InitializeOnLoad ManagedDebugger                                                                           :        2 samples, Peak.   800 ns (1.2x), Avg.   650 ns, Total. 1.300 us (0.0%)
[Performance] InitializeOnLoad EditorDragAndDrop.RegisterEditorClient                                                    :        2 samples, Peak.  1.20 ms (1.6x), Avg.   738 us, Total. 1.476 ms (0.0%)
[Performance] InitializeOnLoad EditorDelegateRegistration.Initialize                                                     :        2 samples, Peak.   376 us (1.0x), Avg.   376 us, Total. 751.1 us (0.0%)
[Performance] InitializeOnLoad LiveReloadTrackerCreator.Initialize                                                       :        2 samples, Peak.   166 us (1.0x), Avg.   160 us, Total. 320.6 us (0.0%)
[Performance] InitializeOnLoad PackageManagerHookGUIDConverter.RegisterPackagesEventHandler                              :        2 samples, Peak.   123 us (1.1x), Avg.   115 us, Total. 230.2 us (0.0%)
[Performance] InitializeOnLoad RuntimeEditorDelegateRegistration.Initialize                                              :        2 samples, Peak.   242 us (1.1x), Avg.   215 us, Total. 430.2 us (0.0%)
[Performance] InitializeOnLoad EditorEventCallbacks.InitializeFontAssetResourceChangeCallBacks                           :        2 samples, Peak.  4.31 ms (1.6x), Avg.  2.75 ms, Total. 5.497 ms (0.0%)
[Performance] InitializeOnLoad SceneTemplateService.Init                                                                 :        2 samples, Peak.   472 us (1.4x), Avg.   337 us, Total. 674.9 us (0.0%)
[Performance] InitializeOnLoad PackageManagerWindow.EditorInitializedInSafeMode                                          :        2 samples, Peak.  28.5 ms (2.0x), Avg.  14.3 ms, Total. 28.63 ms (0.1%)
[Performance] InitializeOnLoad EntitlementsErrorChecker.OpenFirstEntitlementError                                        :        2 samples, Peak.  6.59 ms (1.8x), Avg.  3.58 ms, Total. 7.154 ms (0.0%)
[Performance] InitializeOnLoad ScopedRegistryAddedPopup.SubscribeToRegistriesAdded                                       :        2 samples, Peak.   174 us (1.2x), Avg.   142 us, Total. 283.9 us (0.0%)
[Performance] InitializeOnLoad DiagnosticSwitchesConsoleMessage.Init                                                     :        2 samples, Peak.  8.63 ms (1.8x), Avg.  4.66 ms, Total. 9.329 ms (0.0%)
[Performance] InitializeOnLoad SysrootManager.Initialize                                                                 :        2 samples, Peak.   552 us (1.0x), Avg.   547 us, Total. 1.094 ms (0.0%)
[Performance] InitializeOnLoad AssetPostprocessingInternal.RefreshCustomDependencies                                     :        2 samples, Peak.  1.88 ms (1.4x), Avg.  1.38 ms, Total. 2.765 ms (0.0%)
[Performance] InitializeOnLoad EditorWindow.Initialize                                                                   :        2 samples, Peak.  1.64 ms (1.8x), Avg.   908 us, Total. 1.816 ms (0.0%)
[Performance] InitializeOnLoad SceneVisibilityManager.Initialize                                                         :        2 samples, Peak.  5.48 ms (1.5x), Avg.  3.64 ms, Total. 7.281 ms (0.0%)
[Performance] InitializeOnLoad MemoryProfilerCompilationGuard.InjectCompileGuard                                         :        2 samples, Peak.   304 us (1.3x), Avg.   231 us, Total. 462.7 us (0.0%)
[Performance] ProcessService.EditorAfterLoadAllAssemblies                                                                :        2 samples, Peak.   455 us (1.2x), Avg.   366 us, Total. 731.6 us (0.0%)
[Performance] Application.ReadLicenseInfo                                                                                :        1 samples, Peak.  19.3 ms (1.0x), Avg.  19.3 ms, Total. 19.33 ms (0.1%)
[Performance] Application.InitialRefresh                                                                                 :        1 samples, Peak.  11.7 s (1.0x), Avg.  11.7 s, Total. 11.73 s (57.7%)
[Performance] ShaderImporter.SourceAssetModified                                                                         :        2 samples, Peak.   800 ns (1.2x), Avg.   650 ns, Total. 1.300 us (0.0%)
[Performance] ShaderIncludeImporter.SourceAssetModified                                                                  :        2 samples, Peak.  4.10 us (1.3x), Avg.  3.20 us, Total. 6.400 us (0.0%)
[Performance] PresetManagerPostProcessor.OnPreprocessAsset                                                               :        3 samples, Peak.   446 us (2.8x), Avg.   157 us, Total. 471.2 us (0.0%)
[Performance] CancelSplashScreenOnAssetChange.OnPreprocessAsset                                                          :        3 samples, Peak.   117 us (2.9x), Avg.  40.5 us, Total. 121.5 us (0.0%)
[Performance] Compiling Scripts                                                                                          :        1 samples, Peak.  3.13 s (1.0x), Avg.  3.13 s, Total. 3.134 s (15.4%)
[Performance] InitializeOnLoad SceneDragAndDrop                                                                          :        1 samples, Peak.  2.90 ms (1.0x), Avg.  2.90 ms, Total. 2.902 ms (0.0%)
[Performance] InitializeOnLoad SpriteShapeUnityAnalyticsStorage                                                          :        1 samples, Peak.  31.0 us (1.0x), Avg.  31.0 us, Total. 31.00 us (0.0%)
[Performance] InitializeOnLoad SpriteShapeUpdateCache                                                                    :        1 samples, Peak.  1.17 ms (1.0x), Avg.  1.17 ms, Total. 1.167 ms (0.0%)
[Performance] InitializeOnLoad ToolbarBootstrap                                                                          :        1 samples, Peak.  1.07 s (1.0x), Avg.  1.07 s, Total. 1.073 s (5.3%)
[Performance] Package.AsyncRequest                                                                                       :        3 samples, Peak.  1.49 ms (3.0x), Avg.   500 us, Total. 1.499 ms (0.0%)
[Performance] InitializeOnLoad BackgroundImport                                                                          :        1 samples, Peak.   146 us (1.0x), Avg.   146 us, Total. 145.8 us (0.0%)
[Performance] InitializeOnLoad BurstLoader                                                                               :        1 samples, Peak.  1.96 s (1.0x), Avg.  1.96 s, Total. 1.963 s (9.7%)
[Performance] InitializeOnLoad RiderScriptEditor                                                                         :        1 samples, Peak.  12.9 ms (1.0x), Avg.  12.9 ms, Total. 12.94 ms (0.1%)
[Performance] InitializeOnLoad CallbackInitializer                                                                       :        1 samples, Peak.  2.71 ms (1.0x), Avg.  2.71 ms, Total. 2.713 ms (0.0%)
[Performance] InitializeOnLoad PlasticPlugin                                                                             :        1 samples, Peak.  11.1 us (1.0x), Avg.  11.1 us, Total. 11.10 us (0.0%)
[Performance] InitializeOnLoad PrefabLayoutRebuilder                                                                     :        1 samples, Peak.   748 us (1.0x), Avg.   748 us, Total. 748.1 us (0.0%)
[Performance] InitializeOnLoad Analytics                                                                                 :        1 samples, Peak.  1.45 ms (1.0x), Avg.  1.45 ms, Total. 1.454 ms (0.0%)
[Performance] InitializeOnLoad EditorToolManager                                                                         :        1 samples, Peak.   477 us (1.0x), Avg.   477 us, Total. 476.9 us (0.0%)
[Performance] InitializeOnLoad SpriteEditorWindow                                                                        :        1 samples, Peak.   642 us (1.0x), Avg.   642 us, Total. 641.6 us (0.0%)
[Performance] InitializeOnLoad RerunCallbackInitializer                                                                  :        1 samples, Peak.  3.86 ms (1.0x), Avg.  3.86 ms, Total. 3.863 ms (0.0%)
[Performance] InitializeOnLoad UnityTestProtocolStarter                                                                  :        1 samples, Peak.   418 us (1.0x), Avg.   418 us, Total. 418.0 us (0.0%)
[Performance] InitializeOnLoad TestStarter                                                                               :        1 samples, Peak.  1.20 ms (1.0x), Avg.  1.20 ms, Total. 1.199 ms (0.0%)
[Performance] InitializeOnLoad BackgroundWatcher                                                                         :        1 samples, Peak.  91.0 us (1.0x), Avg.  91.0 us, Total. 91.00 us (0.0%)
[Performance] InitializeOnLoad VSUsageUtility                                                                            :        1 samples, Peak.  21.0 ms (1.0x), Avg.  21.0 ms, Total. 20.97 ms (0.1%)
[Performance] InitializeOnLoad VisualStudioEditor                                                                        :        1 samples, Peak.  7.70 ms (1.0x), Avg.  7.70 ms, Total. 7.703 ms (0.0%)
[Performance] InitializeOnLoad VisualStudioIntegration                                                                   :        1 samples, Peak.  1.71 ms (1.0x), Avg.  1.71 ms, Total. 1.711 ms (0.0%)
[Performance] InitializeOnLoad TestRunnerApiListener                                                                     :        1 samples, Peak.   433 us (1.0x), Avg.   433 us, Total. 433.0 us (0.0%)
[Performance] InitializeOnLoad VSCodeScriptEditor                                                                        :        1 samples, Peak.  4.38 ms (1.0x), Avg.  4.38 ms, Total. 4.385 ms (0.0%)
[Performance] InitializeOnLoad UnityAnalyticsStorage                                                                     :        1 samples, Peak.   381 us (1.0x), Avg.   381 us, Total. 381.3 us (0.0%)
[Performance] InitializeOnLoad BoneGizmoInitializer                                                                      :        1 samples, Peak.  4.08 ms (1.0x), Avg.  4.08 ms, Total. 4.080 ms (0.0%)
[Performance] InitializeOnLoad $BurstDirectCallInitializer.Initialize                                                    :        5 samples, Peak.  15.3 ms (2.7x), Avg.  5.71 ms, Total. 28.57 ms (0.1%)
[Performance] InitializeOnLoad BackgroundImport.Setup                                                                    :        1 samples, Peak.   386 us (1.0x), Avg.   386 us, Total. 386.3 us (0.0%)
[Performance] InitializeOnLoad IKEditorManager.CreateInstance                                                            :        1 samples, Peak.  2.41 ms (1.0x), Avg.  2.41 ms, Total. 2.409 ms (0.0%)
[Performance] InitializeOnLoad TestJobDataHolder.ResumeRunningJobs                                                       :        1 samples, Peak.   582 us (1.0x), Avg.   582 us, Total. 581.9 us (0.0%)
[Performance] InitializeOnLoad AnalyticsReporter.RegisterCallbacks                                                       :        1 samples, Peak.   207 us (1.0x), Avg.   207 us, Total. 206.5 us (0.0%)
[Performance] InitializeOnLoad VisualStudioEditor.LegacyVisualStudioCodePackageDisabler                                  :        1 samples, Peak.  5.08 ms (1.0x), Avg.  5.08 ms, Total. 5.078 ms (0.0%)
[Performance] InitializeOnLoad SceneViewGridManager.Initialize                                                           :        1 samples, Peak.  4.16 ms (1.0x), Avg.  4.16 ms, Total. 4.163 ms (0.0%)
[Performance] InitializeOnLoad SceneViewOpenTilePaletteHelper.Initialize                                                 :        1 samples, Peak.  1.10 ms (1.0x), Avg.  1.10 ms, Total. 1.098 ms (0.0%)
[Performance] InitializeOnLoad TileDragAndDropManager.Initialize                                                         :        1 samples, Peak.   708 us (1.0x), Avg.   708 us, Total. 708.2 us (0.0%)
[Performance] InitializeOnLoad TilemapPrefabStageHelper.Initialize                                                       :        1 samples, Peak.   591 us (1.0x), Avg.   591 us, Total. 591.4 us (0.0%)
[Performance] DidReloadScriptsTestListCache.ScriptReloaded                                                               :        1 samples, Peak.  8.36 ms (1.0x), Avg.  8.36 ms, Total. 8.360 ms (0.0%)
[Performance] DidReloadScriptsTestRunnerWindow.CompilationCallback                                                       :        1 samples, Peak.   646 us (1.0x), Avg.   646 us, Total. 645.5 us (0.0%)
[Performance] DidReloadScriptsAdvancedDropdownWindow.OnScriptReload                                                      :        1 samples, Peak.   249 us (1.0x), Avg.   249 us, Total. 249.0 us (0.0%)
[Performance] AssemblyReloadEvents.afterAssemblyReload: UnityEditor.U2D.Animation.BoneGizmo.OnAfterAssemblyReload        :        1 samples, Peak.   886 us (1.0x), Avg.   886 us, Total. 885.7 us (0.0%)
[Performance] AssetDatabase.ImportAssets                                                                                 :        3 samples, Peak.  1.50 us (2.1x), Avg.   700 ns, Total. 2.100 us (0.0%)
[Performance] VersionControl.Task.Wait                                                                                   :        1 samples, Peak.  8.60 us (1.0x), Avg.  8.60 us, Total. 8.600 us (0.0%)
[Performance] TMPro_TexturePostProcessor.OnPostprocessAllAssets                                                          :        2 samples, Peak.   623 us (1.2x), Avg.   539 us, Total. 1.078 ms (0.0%)
[Performance] AssetPostprocessor.OnPostprocessAllAssets                                                                  :        2 samples, Peak.  1.04 ms (1.0x), Avg.  1.04 ms, Total. 2.086 ms (0.0%)
[Performance] BuilderAssetPostprocessor.OnPostprocessAllAssets                                                           :        2 samples, Peak.  5.16 ms (1.0x), Avg.  5.16 ms, Total. 10.31 ms (0.1%)
[Performance] ArtifactBrowserPostProcessor.OnPostprocessAllAssets                                                        :        2 samples, Peak.   383 us (1.0x), Avg.   381 us, Total. 762.2 us (0.0%)
[Performance] AssetEvents.OnPostprocessAllAssets                                                                         :        4 samples, Peak.   321 us (1.3x), Avg.   247 us, Total. 989.8 us (0.0%)
[Performance] AudioMixerPostprocessor.OnPostprocessAllAssets                                                             :        2 samples, Peak.   400 us (1.0x), Avg.   394 us, Total. 787.1 us (0.0%)
[Performance] StyleCatalogPostProcessor.OnPostprocessAllAssets                                                           :        2 samples, Peak.  22.9 ms (1.0x), Avg.  22.9 ms, Total. 45.85 ms (0.2%)
[Performance] BuildCatalog                                                                                               :        1 samples, Peak.  21.7 ms (1.0x), Avg.  21.7 ms, Total. 21.70 ms (0.1%)
[Performance] ModelImporterPostProcessor.OnPostprocessAllAssets                                                          :        2 samples, Peak.  2.19 ms (1.0x), Avg.  2.19 ms, Total. 4.383 ms (0.0%)
[Performance] RetainedModeAssetPostprocessor.OnPostprocessAllAssets                                                      :        2 samples, Peak.  1.62 ms (1.0x), Avg.  1.62 ms, Total. 3.236 ms (0.0%)
[Performance] AssetChangedListener.OnPostprocessAllAssets                                                                :        2 samples, Peak.  6.24 ms (1.0x), Avg.  6.23 ms, Total. 12.47 ms (0.1%)
[Performance] SpeedTreePostProcessor.OnPostprocessAllAssets                                                              :        2 samples, Peak.   192 us (1.0x), Avg.   190 us, Total. 380.3 us (0.0%)
[Performance] TextAssetPostProcessor.OnPostprocessAllAssets                                                              :        2 samples, Peak.   388 us (1.0x), Avg.   386 us, Total. 773.0 us (0.0%)
[Performance] AssetProcessor.OnPostprocessAllAssets                                                                      :        6 samples, Peak.  1.77 ms (1.5x), Avg.  1.20 ms, Total. 7.202 ms (0.0%)
[Performance] PSDImportPostProcessor.OnPostprocessAllAssets                                                              :        2 samples, Peak.   318 us (1.0x), Avg.   316 us, Total. 631.6 us (0.0%)
[Performance] SpriteEditorTexturePostprocessor.OnPostprocessAllAssets                                                    :        2 samples, Peak.   302 us (1.0x), Avg.   300 us, Total. 600.6 us (0.0%)
[Performance] SpriteShapeAssetPostProcessor.OnPostprocessAllAssets                                                       :        2 samples, Peak.   350 us (1.0x), Avg.   348 us, Total. 696.6 us (0.0%)
[Performance] UIDocumentAssetPostProcessor.OnPostprocessAllAssets                                                        :        2 samples, Peak.   745 us (1.0x), Avg.   743 us, Total. 1.487 ms (0.0%)
[Performance] SyncVS.PostprocessSyncProject                                                                              :        1 samples, Peak.   109 ms (1.0x), Avg.   109 ms, Total. 108.8 ms (0.5%)
[Performance] EditorApplication.projectChanged: UnityEditor.Audio.MixerEffectDefinitionReloader.OnProjectChanged         :        1 samples, Peak.   429 us (1.0x), Avg.   429 us, Total. 429.4 us (0.0%)
[Performance] Application.ImportPackagesAndSetTemplateWhenCreatingProject                                                :        1 samples, Peak.  16.4 ms (1.0x), Avg.  16.4 ms, Total. 16.40 ms (0.1%)
[Performance] Application.SyncCurrentColorSpace                                                                          :        1 samples, Peak.  10.2 ms (1.0x), Avg.  10.2 ms, Total. 10.22 ms (0.1%)
[Performance] Application.OnUsbDevicesChanged                                                                            :        1 samples, Peak.  5.19 ms (1.0x), Avg.  5.19 ms, Total. 5.193 ms (0.0%)
[Performance] Application.AssetInstanceCacheUpdate                                                                       :        1 samples, Peak.   500 ns (1.0x), Avg.   500 ns, Total. 500.0 ns (0.0%)
[Performance] Application.UnityExtensions.Initialize                                                                     :        1 samples, Peak.   960 us (1.0x), Avg.   960 us, Total. 960.4 us (0.0%)
[Performance] Application.InitializeManagedCompilationPipeline                                                           :        1 samples, Peak.   212 ms (1.0x), Avg.   212 ms, Total. 212.1 ms (1.0%)
[Performance] Application.ExecuteStartups                                                                                :        1 samples, Peak.  61.1 ms (1.0x), Avg.  61.1 ms, Total. 61.08 ms (0.3%)
[Performance] Menu.RegisterMenuInterface                                                                                 :       26 samples, Peak.  2.20 us (9.4x), Avg.   235 ns, Total. 6.100 us (0.0%)
[Performance] Gizmo.RebuildRenderers                                                                                     :        1 samples, Peak.  59.9 ms (1.0x), Avg.  59.9 ms, Total. 59.94 ms (0.3%)
[Performance] Gizmo.AddGizmoRenderers                                                                                    :       81 samples, Peak.  1.63 ms (48.5x), Avg.  33.6 us, Total. 2.723 ms (0.0%)
[Performance] Application.editorInitializingProject                                                                      :        1 samples, Peak.  18.7 us (1.0x), Avg.  18.7 us, Total. 18.70 us (0.0%)
[Performance] Application.InitializeMenu                                                                                 :        1 samples, Peak.   154 ms (1.0x), Avg.   154 ms, Total. 153.7 ms (0.8%)
[Performance] Menu.RebuildAll                                                                                            :        1 samples, Peak.   154 ms (1.0x), Avg.   154 ms, Total. 153.7 ms (0.8%)
[Performance] Menu.BuildRegisteredMenuInterfaces                                                                         :        1 samples, Peak.   151 ms (1.0x), Avg.   151 ms, Total. 151.2 ms (0.7%)
[Performance] Menu.FilterMenuItem                                                                                        :      590 samples, Peak.  95.1 ms (588.0x), Avg.   162 us, Total. 95.47 ms (0.5%)
[Performance] UpdateAllMenus                                                                                             :        1 samples, Peak.   580 us (1.0x), Avg.   580 us, Total. 579.5 us (0.0%)
[Performance] Menu.RebuildOSMainMenu                                                                                     :        2 samples, Peak.  2.16 ms (1.1x), Avg.  2.01 ms, Total. 4.016 ms (0.0%)
[Performance] EditorSceneManager.sceneClosing: UnityEditor.SceneVisibilityManager.EditorSceneManagerOnSceneClosing       :        1 samples, Peak.   329 us (1.0x), Avg.   329 us, Total. 328.6 us (0.0%)
[Performance] EditorSceneManager.sceneClosed: callback in UnityEditor.Search.SearchMonitor                               :        1 samples, Peak.  64.2 us (1.0x), Avg.  64.2 us, Total. 64.20 us (0.0%)
[Performance] EditorSceneManager.activeSceneChangedInEditMode: callback in UnityEditor.Search.SearchMonitor              :        1 samples, Peak.  21.7 us (1.0x), Avg.  21.7 us, Total. 21.70 us (0.0%)
[Performance] GUIView.RepaintAll.PlayerLoopController                                                                    :        1 samples, Peak.  1.10 us (1.0x), Avg.  1.10 us, Total. 1.100 us (0.0%)
[Performance] EditorSceneManager.newSceneCreated: UnityEditor.SceneVisibilityManager.EditorSceneManagerOnNewSceneCreated :        1 samples, Peak.   361 us (1.0x), Avg.   361 us, Total. 361.3 us (0.0%)
[Performance] EditorSceneManager.newSceneCreated: UnityEditor.SceneManagement.StageNavigationManager.OnNewSceneCreated   :        1 samples, Peak.  64.2 us (1.0x), Avg.  64.2 us, Total. 64.20 us (0.0%)
[Performance] Application.InvokeFinishedLoadingProject                                                                   :        1 samples, Peak.   940 ms (1.0x), Avg.   940 ms, Total. 940.1 ms (4.6%)
[Performance] ProcessService.OnProjectLoaded                                                                             :        1 samples, Peak.  54.6 us (1.0x), Avg.  54.6 us, Total. 54.60 us (0.0%)
[Performance] EditorApplication.quitting: Unity.Burst.Editor.BurstLoader.OnEditorApplicationQuitting                     :        1 samples, Peak.  43.3 us (1.0x), Avg.  43.3 us, Total. 43.30 us (0.0%)
[Performance] EditorApplication.quitting: UnityEditor.Search.SearchMonitor.OnQuitting                                    :        1 samples, Peak.  1.21 ms (1.0x), Avg.  1.21 ms, Total. 1.209 ms (0.0%)
[Performance] EditorApplication.quitting: UnityEditor.Tilemaps.SceneViewGridManager.EditorQuitting                       :        1 samples, Peak.   107 us (1.0x), Avg.   107 us, Total. 106.7 us (0.0%)
[Performance] EditorApplication.quitting: callback in UnityEditor.TextCore.Text.EditorEventCallbacks                     :        1 samples, Peak.  10.7 ms (1.0x), Avg.  10.7 ms, Total. 10.74 ms (0.1%)
[Performance] Application.Shutdown.PauseProfilerSession                                                                  :        1 samples, Peak.  53.5 us (1.0x), Avg.  53.5 us, Total. 53.50 us (0.0%)
[Performance] Application.Shutdown.PauseAssetImportWorkers                                                               :        1 samples, Peak.   332 us (1.0x), Avg.   332 us, Total. 331.8 us (0.0%)
[Performance] Application.Shutdown.SaveAssets                                                                            :        1 samples, Peak.  13.5 ms (1.0x), Avg.  13.5 ms, Total. 13.49 ms (0.1%)
[Performance] AssetModificationProcessor.OnWillSaveAssets                                                                :        1 samples, Peak.   645 us (1.0x), Avg.   645 us, Total. 645.3 us (0.0%)
[Performance] StateMacroSavedEvent.OnWillSaveAssets                                                                      :        1 samples, Peak.   367 us (1.0x), Avg.   367 us, Total. 367.0 us (0.0%)
[Performance] PaletteAssetModificationProcessor.OnWillSaveAssets                                                         :        1 samples, Peak.   377 us (1.0x), Avg.   377 us, Total. 377.4 us (0.0%)
[Performance] FlowMacroSavedEvent.OnWillSaveAssets                                                                       :        1 samples, Peak.   238 us (1.0x), Avg.   238 us, Total. 238.0 us (0.0%)
[Performance] BuilderAssetModificationProcessor.OnWillSaveAssets                                                         :        1 samples, Peak.   440 us (1.0x), Avg.   440 us, Total. 440.3 us (0.0%)
[Performance] TerrainModificationProcessor.OnWillSaveAssets                                                              :        1 samples, Peak.   737 us (1.0x), Avg.   737 us, Total. 737.3 us (0.0%)
[Performance] Application.Shutdown.CleanupRenderPipeline                                                                 :        1 samples, Peak.  8.70 us (1.0x), Avg.  8.70 us, Total. 8.700 us (0.0%)
[Performance] Application.Shutdown.StopPreloadManager                                                                    :        1 samples, Peak.  9.96 ms (1.0x), Avg.  9.96 ms, Total. 9.963 ms (0.0%)
[Performance] Application.Shutdown.DestroyWorld                                                                          :        1 samples, Peak.   774 us (1.0x), Avg.   774 us, Total. 773.7 us (0.0%)
[Performance] Application.Shutdown.CleanupAfterLoad                                                                      :        1 samples, Peak.   182 ms (1.0x), Avg.   182 ms, Total. 181.5 ms (0.9%)
[Performance] Application.Shutdown.Progress                                                                              :        1 samples, Peak.  12.6 us (1.0x), Avg.  12.6 us, Total. 12.60 us (0.0%)
[Performance] Application.Shutdown.GICleanupManagers                                                                     :        1 samples, Peak.  1.74 ms (1.0x), Avg.  1.74 ms, Total. 1.738 ms (0.0%)
[Performance] Application.Shutdown.MenuCleanupClass                                                                      :        1 samples, Peak.   185 us (1.0x), Avg.   185 us, Total. 184.9 us (0.0%)
[Performance] Application.Shutdown.ADBSaveStateBeforeShutdown                                                            :        1 samples, Peak.  11.7 us (1.0x), Avg.  11.7 us, Total. 11.70 us (0.0%)
[Performance] Application.Shutdown.RemoteShutdown                                                                        :        1 samples, Peak.  3.00 us (1.0x), Avg.  3.00 us, Total. 3.000 us (0.0%)
[Performance] Application.Shutdown.CleanupVCProvider                                                                     :        1 samples, Peak.  17.3 us (1.0x), Avg.  17.3 us, Total. 17.30 us (0.0%)
[Performance] Application.Shutdown.InputShutdown                                                                         :        1 samples, Peak.  1.50 us (1.0x), Avg.  1.50 us, Total. 1.500 us (0.0%)
[Performance] Application.Shutdown.GizmoManagerDestroy                                                                   :        1 samples, Peak.   987 us (1.0x), Avg.   987 us, Total. 987.4 us (0.0%)
[Performance] Application.Shutdown.ProfilerSession                                                                       :        1 samples, Peak.   173 us (1.0x), Avg.   173 us, Total. 172.7 us (0.0%)
[Performance] Application.Shutdown.ReleaseGfxWindowOnAllGUIViews                                                         :        1 samples, Peak.   800 ns (1.0x), Avg.   800 ns, Total. 800.0 ns (0.0%)
[Performance] Application.Shutdown.CleanupEngine                                                                         :        1 samples, Peak.   184 ms (1.0x), Avg.   184 ms, Total. 183.6 ms (0.9%)
[Performance] Application.Shutdown.CleanupAssetDatabase                                                                  :        1 samples, Peak.  7.80 ms (1.0x), Avg.  7.80 ms, Total. 7.799 ms (0.0%)
[Performance] Application.Shutdown.ScriptCompilationCleanUp                                                              :        1 samples, Peak.  25.8 us (1.0x), Avg.  25.8 us, Total. 25.80 us (0.0%)
[Performance] Application.Shutdown.DestroyJobSystem                                                                      :        1 samples, Peak.  28.4 us (1.0x), Avg.  28.4 us, Total. 28.40 us (0.0%)
[Performance] Application.Shutdown.CleanupPersistentManager                                                              :        1 samples, Peak.  3.09 ms (1.0x), Avg.  3.09 ms, Total. 3.089 ms (0.0%)
[Performance] Application.Shutdown.CleanupAsyncReadManager                                                               :        1 samples, Peak.   362 us (1.0x), Avg.   362 us, Total. 361.9 us (0.0%)
[Performance] Application.Shutdown.CleanupProgressBar                                                                    :        1 samples, Peak.   800 ns (1.0x), Avg.   800 ns, Total. 800.0 ns (0.0%)
[Performance] Application.Shutdown.CleanupMono                                                                           :        1 samples, Peak.  93.3 ms (1.0x), Avg.  93.3 ms, Total. 93.29 ms (0.5%)
[Performance] Application.Shutdown.CleanupStdConverters                                                                  :        1 samples, Peak.  10.7 us (1.0x), Avg.  10.7 us, Total. 10.70 us (0.0%)
[Performance] Application.Shutdown.UnloadAllPlatformSupportModuleNativeDlls                                              :        1 samples, Peak.   600 ns (1.0x), Avg.   600 ns, Total. 600.0 ns (0.0%)
[Performance] Application.Shutdown.UnloadAllPlatformSupportNativeLibraries                                               :        1 samples, Peak.   100 ns (1.0x), Avg.   100 ns, Total. 100.0 ns (0.0%)
[Performance] Application.Shutdown.CleanupAutoDocumentation                                                              :        1 samples, Peak.   462 us (1.0x), Avg.   462 us, Total. 462.1 us (0.0%)
[Performance] Application.Shutdown.ShaderNameManagerDestroy                                                              :        1 samples, Peak.  54.4 us (1.0x), Avg.  54.4 us, Total. 54.40 us (0.0%)
[Performance] Application.Shutdown.CleanupCacheServer                                                                    :        1 samples, Peak. 100.0 ns (1.0x), Avg. 100.0 ns, Total. 100.00 ns (0.0%)
[Performance] Application.Shutdown.Virtualization_Shutdown                                                               :        1 samples, Peak.   500 ns (1.0x), Avg.   500 ns, Total. 500.0 ns (0.0%)
[Performance] Application.Shutdown.DevConnections                                                                        :        1 samples, Peak.   223 us (1.0x), Avg.   223 us, Total. 223.4 us (0.0%)
Exiting batchmode successfully now!
Exiting without the bug reporter. Application will terminate with return code 0