[Licensing::Module] Trying to connect to existing licensing client channel...
[Licensing::IpcConnector] Successfully connected to the License Client on channel: "LicenseClient-Lrx" at "2026-10-05T03:51:50.1130969Z"
[Licensing::Client] Error: Code 10 while verifying Licensing Client signature (process Id: 15172, path: "D:/app/unity/Unity Hub/UnityLicensingClient_V1/Unity.Licensing.Client.exe")
[Licensing::Module] Error: LicensingClient has failed validation; ignoring
[Licensing::Client] Handshaking with LicensingClient:
  Version:                 1.16.1+e780b2e
  Session Id:              cc0caefb33d24e33b7ef72961b67b0ed
  Correlation Id:          da5b09e588178c0be39225ff9aa19a21
  External correlation Id: 4525445028053692990
  Machine Id:              9g+lbAYtXlaioPvFqIsBnljEQAk=
[Licensing::Module] Successfully connected to LicensingClient on channel: "LicenseClient-Lrx" (connect: 0.00s, validation: 0.02s, handshake: 0.06s)
[Licensing::IpcConnector] Successfully connected to the License Notification on channel: "LicenseClient-Lrx-notifications" at "2026-10-05T03:51:50.1928232Z"
Entitlement-based licensing initiated
[Licensing::Module] Error: Access token is unavailable; failed to update
[Licensing::Client] Successfully updated license
Built from '2021.3/china_unity/release' branch; Version is '2021.3.45f2c1 (8058fe21db2f) revision 8411390'; Using compiler version '192829333'; Build Type 'Release'
OS: 'Windows 11  (10.0.26200) 64bit CoreCountrySpecific' Language: 'zh' Physical Memory: 16091 MB
[Licensing::Client] Successfully resolved entitlement details
[Licensing::Module] Serial number assigned to: "F4-34H7-J3F7-R6EE-QXDR-XXXX"
BatchMode: 1, IsHumanControllingUs: 0, StartBugReporterOnCrash: 0, Is64bit: 1, IsPro: 0
[Licensing::Client] Successfully resolved entitlement details
[Package Manager] Server::Start -- Port 53275 was selected

COMMAND LINE ARGUMENTS:
D:\app\unity\Unity Hub\2021.3.45f2c1\Editor\Unity.exe
-batchmode
-nographics
-quit
-projectPath
D:\git\CancerTrace\unity\CancerTraceClient
-executeMethod
CancerTrace.EditorTools.PhaseBIntegrationSmokeTest.RunBatchSmokeTest
-logFile
D:\git\CancerTrace\unity\CancerTraceClient\phase_b5_batch.log
Successfully changed project path to: D:\git\CancerTrace\unity\CancerTraceClient
D:/git/CancerTrace/unity/CancerTraceClient
[UnityMemory] Configuration Parameters - Can be set up in boot.config
    "memorysetup-bucket-allocator-granularity=16"
    "memorysetup-bucket-allocator-bucket-count=8"
    "memorysetup-bucket-allocator-block-size=33554432"
    "memorysetup-bucket-allocator-block-count=8"
    "memorysetup-main-allocator-block-size=16777216"
    "memorysetup-thread-allocator-block-size=16777216"
    "memorysetup-gfx-main-allocator-block-size=16777216"
    "memorysetup-gfx-thread-allocator-block-size=16777216"
    "memorysetup-cache-allocator-block-size=4194304"
    "memorysetup-typetree-allocator-block-size=2097152"
    "memorysetup-profiler-bucket-allocator-granularity=16"
    "memorysetup-profiler-bucket-allocator-bucket-count=8"
    "memorysetup-profiler-bucket-allocator-block-size=33554432"
    "memorysetup-profiler-bucket-allocator-block-count=8"
    "memorysetup-profiler-allocator-block-size=16777216"
    "memorysetup-profiler-editor-allocator-block-size=1048576"
    "memorysetup-temp-allocator-size-main=16777216"
    "memorysetup-job-temp-allocator-block-size=2097152"
    "memorysetup-job-temp-allocator-block-size-background=1048576"
    "memorysetup-job-temp-allocator-reduction-small-platforms=262144"
    "memorysetup-temp-allocator-size-background-worker=32768"
    "memorysetup-temp-allocator-size-job-worker=262144"
    "memorysetup-temp-allocator-size-preload-manager=33554432"
    "memorysetup-temp-allocator-size-nav-mesh-worker=65536"
    "memorysetup-temp-allocator-size-audio-worker=65536"
    "memorysetup-temp-allocator-size-cloud-worker=32768"
    "memorysetup-temp-allocator-size-gi-baking-worker=262144"
    "memorysetup-temp-allocator-size-gfx=262144"
Player connection [54508] Host "[IP] 10.199.129.133 [Port] 55496 [Flags] 2 [Guid] 2290888634 [EditorId] 2290888634 [Version] 1048832 [Id] WindowsEditor(7,LAPTOP-VVON5SB6) [Debug] 1 [PackageName] WindowsEditor [ProjectName] Editor" joined multi-casting on [225.0.0.222:54997]...

Player connection [54508] Host "[IP] 10.199.129.133 [Port] 55496 [Flags] 2 [Guid] 2290888634 [EditorId] 2290888634 [Version] 1048832 [Id] WindowsEditor(7,LAPTOP-VVON5SB6) [Debug] 1 [PackageName] WindowsEditor [ProjectName] Editor" joined alternative multi-casting on [225.0.0.222:34997]...

AS: AutoStreaming module initializing.
[Physics::Module] Initialized MultithreadedJobDispatcher with {0} workers.
[Package Manager] Restoring resolved packages state from cache
[Licensing::Client] Successfully resolved entitlement details
[Package Manager] 
Registered 57 packages:
  Packages from [https://packages.unity.cn]:
    com.unity.collab-proxy@2.5.2 (location: D:\git\CancerTrace\unity\CancerTraceClient\Library\PackageCache\com.unity.collab-proxy@2.5.2)
    com.unity.ide.rider@3.0.31 (location: D:\git\CancerTrace\unity\CancerTraceClient\Library\PackageCache\com.unity.ide.rider@3.0.31)
    com.unity.ide.visualstudio@2.0.22 (location: D:\git\CancerTrace\unity\CancerTraceClient\Library\PackageCache\com.unity.ide.visualstudio@2.0.22)
    com.unity.ide.vscode@1.2.5 (location: D:\git\CancerTrace\unity\CancerTraceClient\Library\PackageCache\com.unity.ide.vscode@1.2.5)
    com.unity.nuget.newtonsoft-json@3.2.2 (location: D:\git\CancerTrace\unity\CancerTraceClient\Library\PackageCache\com.unity.nuget.newtonsoft-json@3.2.2)
    com.unity.test-framework@1.1.33 (location: D:\git\CancerTrace\unity\CancerTraceClient\Library\PackageCache\com.unity.test-framework@1.1.33)
    com.unity.textmeshpro@3.0.6 (location: D:\git\CancerTrace\unity\CancerTraceClient\Library\PackageCache\com.unity.textmeshpro@3.0.6)
    com.unity.timeline@1.6.5 (location: D:\git\CancerTrace\unity\CancerTraceClient\Library\PackageCache\com.unity.timeline@1.6.5)
    com.unity.visualscripting@1.9.4 (location: D:\git\CancerTrace\unity\CancerTraceClient\Library\PackageCache\com.unity.visualscripting@1.9.4)
    com.unity.ext.nunit@1.0.6 (location: D:\git\CancerTrace\unity\CancerTraceClient\Library\PackageCache\com.unity.ext.nunit@1.0.6)
    com.unity.2d.animation@7.1.1 (location: D:\git\CancerTrace\unity\CancerTraceClient\Library\PackageCache\com.unity.2d.animation@7.1.1)
    com.unity.2d.pixel-perfect@5.0.3 (location: D:\git\CancerTrace\unity\CancerTraceClient\Library\PackageCache\com.unity.2d.pixel-perfect@5.0.3)
    com.unity.2d.psdimporter@6.0.9 (location: D:\git\CancerTrace\unity\CancerTraceClient\Library\PackageCache\com.unity.2d.psdimporter@6.0.9)
    com.unity.2d.spriteshape@7.0.7 (location: D:\git\CancerTrace\unity\CancerTraceClient\Library\PackageCache\com.unity.2d.spriteshape@7.0.7)
    com.unity.2d.tilemap.extras@2.2.7 (location: D:\git\CancerTrace\unity\CancerTraceClient\Library\PackageCache\com.unity.2d.tilemap.extras@2.2.7)
    com.unity.2d.aseprite@1.1.6 (location: D:\git\CancerTrace\unity\CancerTraceClient\Library\PackageCache\com.unity.2d.aseprite@1.1.6)
    com.unity.2d.common@6.0.7 (location: D:\git\CancerTrace\unity\CancerTraceClient\Library\PackageCache\com.unity.2d.common@6.0.7)
    com.unity.mathematics@1.2.6 (location: D:\git\CancerTrace\unity\CancerTraceClient\Library\PackageCache\com.unity.mathematics@1.2.6)
    com.unity.2d.path@5.0.2 (location: D:\git\CancerTrace\unity\CancerTraceClient\Library\PackageCache\com.unity.2d.path@5.0.2)
    com.unity.burst@1.8.18 (location: D:\git\CancerTrace\unity\CancerTraceClient\Library\PackageCache\com.unity.burst@1.8.18)
  Built-in packages:
    com.unity.feature.2d@2.0.1 (location: D:\git\CancerTrace\unity\CancerTraceClient\Library\PackageCache\com.unity.feature.2d@2.0.1)
    com.unity.ugui@1.0.0 (location: D:\git\CancerTrace\unity\CancerTraceClient\Library\PackageCache\com.unity.ugui@1.0.0)
    com.unity.modules.ai@1.0.0 (location: D:\git\CancerTrace\unity\CancerTraceClient\Library\PackageCache\com.unity.modules.ai@1.0.0)
    com.unity.modules.androidjni@1.0.0 (location: D:\git\CancerTrace\unity\CancerTraceClient\Library\PackageCache\com.unity.modules.androidjni@1.0.0)
    com.unity.modules.animation@1.0.0 (location: D:\git\CancerTrace\unity\CancerTraceClient\Library\PackageCache\com.unity.modules.animation@1.0.0)
    com.unity.modules.assetbundle@1.0.0 (location: D:\git\CancerTrace\unity\CancerTraceClient\Library\PackageCache\com.unity.modules.assetbundle@1.0.0)
    com.unity.modules.audio@1.0.0 (location: D:\git\CancerTrace\unity\CancerTraceClient\Library\PackageCache\com.unity.modules.audio@1.0.0)
    com.unity.modules.cloth@1.0.0 (location: D:\git\CancerTrace\unity\CancerTraceClient\Library\PackageCache\com.unity.modules.cloth@1.0.0)
    com.unity.modules.director@1.0.0 (location: D:\git\CancerTrace\unity\CancerTraceClient\Library\PackageCache\com.unity.modules.director@1.0.0)
    com.unity.modules.imageconversion@1.0.0 (location: D:\git\CancerTrace\unity\CancerTraceClient\Library\PackageCache\com.unity.modules.imageconversion@1.0.0)
    com.unity.modules.imgui@1.0.0 (location: D:\git\CancerTrace\unity\CancerTraceClient\Library\PackageCache\com.unity.modules.imgui@1.0.0)
    com.unity.modules.jsonserialize@1.0.0 (location: D:\git\CancerTrace\unity\CancerTraceClient\Library\PackageCache\com.unity.modules.jsonserialize@1.0.0)
    com.unity.modules.particlesystem@1.0.0 (location: D:\git\CancerTrace\unity\CancerTraceClient\Library\PackageCache\com.unity.modules.particlesystem@1.0.0)
    com.unity.modules.physics@1.0.0 (location: D:\git\CancerTrace\unity\CancerTraceClient\Library\PackageCache\com.unity.modules.physics@1.0.0)
    com.unity.modules.physics2d@1.0.0 (location: D:\git\CancerTrace\unity\CancerTraceClient\Library\PackageCache\com.unity.modules.physics2d@1.0.0)
    com.unity.modules.screencapture@1.0.0 (location: D:\git\CancerTrace\unity\CancerTraceClient\Library\PackageCache\com.unity.modules.screencapture@1.0.0)
    com.unity.modules.terrain@1.0.0 (location: D:\git\CancerTrace\unity\CancerTraceClient\Library\PackageCache\com.unity.modules.terrain@1.0.0)
    com.unity.modules.terrainphysics@1.0.0 (location: D:\git\CancerTrace\unity\CancerTraceClient\Library\PackageCache\com.unity.modules.terrainphysics@1.0.0)
    com.unity.modules.tilemap@1.0.0 (location: D:\git\CancerTrace\unity\CancerTraceClient\Library\PackageCache\com.unity.modules.tilemap@1.0.0)
    com.unity.modules.ui@1.0.0 (location: D:\git\CancerTrace\unity\CancerTraceClient\Library\PackageCache\com.unity.modules.ui@1.0.0)
    com.unity.modules.uielements@1.0.0 (location: D:\git\CancerTrace\unity\CancerTraceClient\Library\PackageCache\com.unity.modules.uielements@1.0.0)
    com.unity.modules.umbra@1.0.0 (location: D:\git\CancerTrace\unity\CancerTraceClient\Library\PackageCache\com.unity.modules.umbra@1.0.0)
    com.unity.modules.unityanalytics@1.0.0 (location: D:\git\CancerTrace\unity\CancerTraceClient\Library\PackageCache\com.unity.modules.unityanalytics@1.0.0)
    com.unity.modules.unitywebrequest@1.0.0 (location: D:\git\CancerTrace\unity\CancerTraceClient\Library\PackageCache\com.unity.modules.unitywebrequest@1.0.0)
    com.unity.modules.unitywebrequestassetbundle@1.0.0 (location: D:\git\CancerTrace\unity\CancerTraceClient\Library\PackageCache\com.unity.modules.unitywebrequestassetbundle@1.0.0)
    com.unity.modules.unitywebrequestaudio@1.0.0 (location: D:\git\CancerTrace\unity\CancerTraceClient\Library\PackageCache\com.unity.modules.unitywebrequestaudio@1.0.0)
    com.unity.modules.unitywebrequesttexture@1.0.0 (location: D:\git\CancerTrace\unity\CancerTraceClient\Library\PackageCache\com.unity.modules.unitywebrequesttexture@1.0.0)
    com.unity.modules.unitywebrequestwww@1.0.0 (location: D:\git\CancerTrace\unity\CancerTraceClient\Library\PackageCache\com.unity.modules.unitywebrequestwww@1.0.0)
    com.unity.modules.vehicles@1.0.0 (location: D:\git\CancerTrace\unity\CancerTraceClient\Library\PackageCache\com.unity.modules.vehicles@1.0.0)
    com.unity.modules.video@1.0.0 (location: D:\git\CancerTrace\unity\CancerTraceClient\Library\PackageCache\com.unity.modules.video@1.0.0)
    com.unity.modules.vr@1.0.0 (location: D:\git\CancerTrace\unity\CancerTraceClient\Library\PackageCache\com.unity.modules.vr@1.0.0)
    com.unity.modules.wind@1.0.0 (location: D:\git\CancerTrace\unity\CancerTraceClient\Library\PackageCache\com.unity.modules.wind@1.0.0)
    com.unity.modules.xr@1.0.0 (location: D:\git\CancerTrace\unity\CancerTraceClient\Library\PackageCache\com.unity.modules.xr@1.0.0)
    com.unity.modules.subsystems@1.0.0 (location: D:\git\CancerTrace\unity\CancerTraceClient\Library\PackageCache\com.unity.modules.subsystems@1.0.0)
    com.unity.modules.uielementsnative@1.0.0 (location: D:\git\CancerTrace\unity\CancerTraceClient\Library\PackageCache\com.unity.modules.uielementsnative@1.0.0)
    com.unity.2d.sprite@1.0.0 (location: D:\git\CancerTrace\unity\CancerTraceClient\Library\PackageCache\com.unity.2d.sprite@1.0.0)
    com.unity.2d.tilemap@1.0.0 (location: D:\git\CancerTrace\unity\CancerTraceClient\Library\PackageCache\com.unity.2d.tilemap@1.0.0)

[Subsystems] No new subsystems found in resolved package list.
Package Manager log level set to [2]
[Package Manager] Done registering packages in 0.48s seconds
Refreshing native plugins compatible for Editor in 11.45 ms, found 4 plugins.
Preloading 0 native plugins for Editor in 0.00 ms.
Initialize engine version: 2021.3.45f2c1 (8058fe21db2f)
[Subsystems] Discovering subsystems at path D:/app/unity/Unity Hub/2021.3.45f2c1/Editor/Data/Resources/UnitySubsystems
[Subsystems] Discovering subsystems at path D:/git/CancerTrace/unity/CancerTraceClient/Assets
Forcing GfxDevice: Null
GfxDevice: creating device client; threaded=0; jobified=0
NullGfxDevice:
    Version:  NULL 1.0 [1.0]
    Renderer: Null Device
    Vendor:   Unity Technologies
[Licensing::Client] Successfully resolved entitlement details
Initialize mono
Mono path[0] = 'D:/app/unity/Unity Hub/2021.3.45f2c1/Editor/Data/Managed'
Mono path[1] = 'D:/app/unity/Unity Hub/2021.3.45f2c1/Editor/Data/MonoBleedingEdge/lib/mono/unityjit-win32'
Mono config path = 'D:/app/unity/Unity Hub/2021.3.45f2c1/Editor/Data/MonoBleedingEdge/etc'
Using monoOptions --debugger-agent=transport=dt_socket,embedding=1,server=y,suspend=n,address=127.0.0.1:56720
Using cacheserver namespaces - metadata:defaultmetadata, artifacts:defaultartifacts
Using cacheserver namespaces - metadata:defaultmetadata, artifacts:defaultartifacts
ImportWorker Server TCP listen port: 0
AcceleratorClientConnectionCallback - disconnected - :0
Begin MonoManager ReloadAssembly
Registering precompiled unity dll's ...
Register platform support module: D:/app/unity/Unity Hub/2021.3.45f2c1/Editor/Data/PlaybackEngines/WindowsStandaloneSupport/UnityEditor.WindowsStandalone.Extensions.dll
Registered in 0.014752 seconds.
Native extension for WindowsStandalone target not found
Refreshing native plugins compatible for Editor in 2.52 ms, found 4 plugins.
Preloading 0 native plugins for Editor in 0.00 ms.
Mono: successfully reloaded assembly
- Completed reload, in  0.636 seconds
Domain Reload Profiling:
	ReloadAssembly (636ms)
		BeginReloadAssembly (149ms)
			ExecutionOrderSort (0ms)
			DisableScriptedObjects (0ms)
			BackupInstance (0ms)
			ReleaseScriptingObjects (0ms)
			CreateAndSetChildDomain (1ms)
		EndReloadAssembly (363ms)
			LoadAssemblies (145ms)
			RebuildTransferFunctionScriptingTraits (0ms)
			SetupTypeCache (99ms)
			ReleaseScriptCaches (0ms)
			RebuildScriptCaches (28ms)
			SetupLoadedEditorAssemblies (188ms)
				LogAssemblyErrors (0ms)
				InitializePlatformSupportModulesInManaged (12ms)
				SetLoadedEditorAssemblies (0ms)
				RefreshPlugins (3ms)
				BeforeProcessingInitializeOnLoad (2ms)
				ProcessInitializeOnLoadAttributes (127ms)
				ProcessInitializeOnLoadMethodAttributes (45ms)
				AfterProcessingInitializeOnLoad (0ms)
				EditorAssembliesLoaded (0ms)
			ExecutionOrderSort2 (0ms)
			AwakeInstancesAfterBackupRestoration (0ms)
Platform modules already initialized, skipping
[Licensing::Client] Successfully resolved entitlement details
Application.AssetDatabase Initial Refresh Start
Registering precompiled user dll's ...
Registered in 0.015826 seconds.
Start importing Assets/Editor/PhaseBIntegrationSmokeTest.cs using Guid(a058c214a8b54cf4c83547c088de100d) Importer(-1,00000000000000000000000000000000)  -> (artifact id: 'c8d4bd88e4e4d1a4d6760515452d3b52') in 0.009031 seconds 
Start importing Assets/Editor/PhaseBSceneBuilder.cs using Guid(d3e345866cc433c43b802c87f73217c6) Importer(-1,00000000000000000000000000000000)  -> (artifact id: '3786307a9b903535f9c6187f5c1374fe') in 0.004110 seconds 
Start importing Assets/Scripts/UI/Controllers/ResultSummaryController.cs using Guid(b41f5b1ffaefe8b468c4bfece93f38cd) Importer(-1,00000000000000000000000000000000)  -> (artifact id: 'b9ca48d8db9bd3cde0475a1d5b885471') in 0.004582 seconds 
Start importing Assets/Scripts/UI/Controllers/CancerTraceUiFactory.cs using Guid(d69d691f3d264e1438ea13ff0d9e3478) Importer(-1,00000000000000000000000000000000)  -> (artifact id: '1c330c72038b6fd8e56928093e553750') in 0.004108 seconds 
Start importing Assets/Scripts/UI/Controllers/CancerGalaxyController.cs using Guid(0810a91c517c3d24aaa7f6b1e062c9c5) Importer(-1,00000000000000000000000000000000)  -> (artifact id: 'dd421f0fe3c3b0d0cdae682d7e4a819a') in 0.003556 seconds 
Start importing Assets/Scripts/UI/Controllers/CaseAnalysisController.cs using Guid(998afcd5f8038304dbf89fd2cb514f24) Importer(-1,00000000000000000000000000000000)  -> (artifact id: '1b42f149b444bd56aa7b11eae553778f') in 0.004618 seconds 
Start importing Assets/Scripts/UI/Controllers/MainMenuController.cs using Guid(aad1aae152008184e8611e1a8e441666) Importer(-1,00000000000000000000000000000000)  -> (artifact id: '16b501bf320abb4dbc34cc05ffa04b0d') in 0.003412 seconds 
[ScriptCompilation] Requested script compilation because: Assetdatabase observed changes in script compilation related files
Starting: D:\app\unity\Unity Hub\2021.3.45f2c1\Editor\Data\bee_backend.exe --profile="Library/Bee/backend_profiler0.traceevents" --stdin-canary --dagfile="Library/Bee/1900b0aE.dag" --continue-on-failure ScriptAssemblies
WorkingDir: D:/git/CancerTrace/unity/CancerTraceClient
ExitCode: 0 Duration: 2s58ms
[565/573    1s] Csc Library/Bee/artifacts/1900b0aE.dag/Assembly-CSharp.dll (+2 others)
[566/573    0s] ILPostProcess Library/Bee/artifacts/1900b0aE.dag/post-processed/Assembly-CSharp.dll (+pdb)
- Starting ILPostProcessorRunner

- Starting ILPostProcessor 'zzzUnity.Burst.CodeGen.BurstILPostProcessor' on Assembly-CSharp.dll

- Finished ILPostProcessor 'zzzUnity.Burst.CodeGen.BurstILPostProcessor' on Assembly-CSharp.dll in 0.123559 seconds

- Finished ILPostProcessorRunner in 0.164753 seconds
[567/573    0s] Csc Library/Bee/artifacts/1900b0aE.dag/Assembly-CSharp-Editor.dll (+2 others)
[568/573    0s] CopyFiles Library/ScriptAssemblies/Assembly-CSharp.pdb
[569/573    0s] CopyFiles Library/ScriptAssemblies/Assembly-CSharp.dll
[570/573    0s] ILPostProcess Library/Bee/artifacts/1900b0aE.dag/post-processed/Assembly-CSharp-Editor.dll (+pdb)
- Starting ILPostProcessorRunner

- Starting ILPostProcessor 'zzzUnity.Burst.CodeGen.BurstILPostProcessor' on Assembly-CSharp-Editor.dll

- Finished ILPostProcessor 'zzzUnity.Burst.CodeGen.BurstILPostProcessor' on Assembly-CSharp-Editor.dll in 0.107983 seconds

- Finished ILPostProcessorRunner in 0.141623 seconds
[571/573    0s] CopyFiles Library/ScriptAssemblies/Assembly-CSharp-Editor.pdb
[572/573    0s] CopyFiles Library/ScriptAssemblies/Assembly-CSharp-Editor.dll
*** Tundra build success (2.01 seconds), 8 items updated, 573 evaluated
AssetDatabase: script compilation time: 2.395721s
Begin MonoManager ReloadAssembly
Symbol file LoadedFromMemory is not a mono symbol file
Native extension for WindowsStandalone target not found
Refreshing native plugins compatible for Editor in 54.82 ms, found 4 plugins.
Preloading 0 native plugins for Editor in 0.00 ms.
Mono: successfully reloaded assembly
- Completed reload, in  4.306 seconds
Domain Reload Profiling:
	ReloadAssembly (4307ms)
		BeginReloadAssembly (159ms)
			ExecutionOrderSort (0ms)
			DisableScriptedObjects (5ms)
			BackupInstance (0ms)
			ReleaseScriptingObjects (0ms)
			CreateAndSetChildDomain (20ms)
		EndReloadAssembly (4042ms)
			LoadAssemblies (181ms)
			RebuildTransferFunctionScriptingTraits (0ms)
			SetupTypeCache (265ms)
			ReleaseScriptCaches (0ms)
			RebuildScriptCaches (52ms)
			SetupLoadedEditorAssemblies (3521ms)
				LogAssemblyErrors (0ms)
				InitializePlatformSupportModulesInManaged (6ms)
				SetLoadedEditorAssemblies (0ms)
				RefreshPlugins (55ms)
				BeforeProcessingInitializeOnLoad (91ms)
				ProcessInitializeOnLoadAttributes (3269ms)
				ProcessInitializeOnLoadMethodAttributes (65ms)
				AfterProcessingInitializeOnLoad (35ms)
				EditorAssembliesLoaded (0ms)
			ExecutionOrderSort2 (0ms)
			AwakeInstancesAfterBackupRestoration (10ms)
Platform modules already initialized, skipping
Registering precompiled user dll's ...
Registered in 0.018699 seconds.
Refreshing native plugins compatible for Editor in 0.60 ms, found 4 plugins.
Preloading 0 native plugins for Editor in 0.00 ms.
Asset Pipeline Refresh: Total: 10.425 seconds - Initiated by InitialRefreshV2(ForceSynchronousImport)
	Summary:
		Imports: total=7 (actual=7, local cache=0, cache server=0)
		Asset DB Process Time: managed=2 ms, native=1162 ms
		Asset DB Callback time: managed=156 ms, native=6 ms
		Scripting: domain reloads=1, domain reload time=4427 ms, compile time=2400 ms, other=2269 ms
		Project Asset Count: scripts=4640, non-scripts=1198
		Asset File Changes: new=0, changed=7, moved=0, deleted=0
		Scan Filter Count: 1
	InvokeBeforeRefreshCallbacks: 0.990ms
	ApplyChangesToAssetFolders: 0.069ms
	Scan: 912.654ms
	OnSourceAssetsModified: 0.994ms
	InitializeImportedAssetsSnapshot: 7.446ms
	GetAllGuidsForCategorization: 0.516ms
	CategorizeAssets: 111.812ms
	ImportOutOfDateAssets: 9173.661ms (6730.270ms without children)
		ImportManagerImport: 41.101ms (1.855ms without children)
			ImportInProcess: 39.172ms
			UpdateCategorizedAssets: 0.074ms
		CompileScripts: 2400.016ms
		ReloadImportedAssets: 0.006ms
		EnsureUptoDateAssetsAreRegisteredWithGuidPM: 1.154ms
		InitializingProgressBar: 0.004ms
		PostProcessAllAssetNotificationsAddChangedAssets: 0.563ms
		OnDemandSchedulerStart: 0.547ms
	ReloadSourceAssets: 0.556ms
	UnloadImportedAssets: 25.268ms
	PostProcessAllAssets: 159.948ms
	Hotreload: 1.111ms
	GatherAllCurrentPrimaryArtifactRevisions: 0.000ms
	UnloadStreamsBegin: 0.372ms
	LoadedImportedAssetsSnapshotReleaseGCHandles: 1.252ms
	GetLoadedSourceAssetsIDs: 0.041ms
	GetLoadedSourceAssetsSnapshot: 0.526ms
	PersistCurrentRevisions: 0.436ms
	UnloadStreamsEnd: 0.050ms
	GenerateScriptTypeHashes: 0.608ms
	Untracked: 186.804ms
Application.AssetDatabase Initial Refresh End
Scanning for USB devices : 5.458ms
Initializing Unity extensions:
[MODES] ModeService[none].Initialize
[MODES] ModeService[none].LoadModes
[MODES] Loading mode Default (0) for mode-current-id-CancerTraceClient
ProgressiveSceneManager::Cancel()
Unloading 146 Unused Serialized files (Serialized files now loaded: 0)
Unloading 194 unused Assets / (1.1 MB). Loaded Objects now: 4296.
Memory consumption went from 115.7 MB to 114.6 MB.
Total: 5.579000 ms (FindLiveObjects: 0.228100 ms CreateObjectMapping: 0.111400 ms MarkObjects: 4.792000 ms  DeleteObjects: 0.446200 ms)

[Licensing::Client] Successfully resolved entitlement details
Unloading 18 Unused Serialized files (Serialized files now loaded: 0)
Unloading 36 unused Assets / (16.7 MB). Loaded Objects now: 4296.
Memory consumption went from 210.5 MB to 193.8 MB.
Total: 6.281900 ms (FindLiveObjects: 0.236500 ms CreateObjectMapping: 0.104400 ms MarkObjects: 4.632600 ms  DeleteObjects: 1.307300 ms)

Registering precompiled user dll's ...
Registered in 0.015624 seconds.
Start importing Assets/Scenes/MainMenu.unity using Guid(a1fdaaea7e9248d45b32cd96f6a7d015) Importer(-1,00000000000000000000000000000000)  -> (artifact id: 'ecdb0c50a2a75ef9d7f0b2a8cb70150e') in 0.007574 seconds 
Refreshing native plugins compatible for Editor in 0.60 ms, found 4 plugins.
Preloading 0 native plugins for Editor in 0.00 ms.
Asset Pipeline Refresh: Total: 0.083 seconds - Initiated by StopAssetImportingV2(NoUpdateAssetOptions)
Unloading 27 Unused Serialized files (Serialized files now loaded: 0)
Unloading 40 unused Assets / (16.6 MB). Loaded Objects now: 4313.
Memory consumption went from 151.6 MB to 135.0 MB.
Total: 6.757200 ms (FindLiveObjects: 0.214000 ms CreateObjectMapping: 0.095200 ms MarkObjects: 4.989800 ms  DeleteObjects: 1.456900 ms)

Registering precompiled user dll's ...
Registered in 0.016792 seconds.
Start importing Assets/Scenes/CaseAnalysis.unity using Guid(3b5b44e4a8ed0344697a71798b743748) Importer(-1,00000000000000000000000000000000)  -> (artifact id: '00b3442916922e45ea54fbd1e5f6e558') in 0.001140 seconds 
Refreshing native plugins compatible for Editor in 0.55 ms, found 4 plugins.
Preloading 0 native plugins for Editor in 0.00 ms.
Asset Pipeline Refresh: Total: 0.065 seconds - Initiated by StopAssetImportingV2(NoUpdateAssetOptions)
Unloading 27 Unused Serialized files (Serialized files now loaded: 0)
Unloading 48 unused Assets / (16.6 MB). Loaded Objects now: 4313.
Memory consumption went from 177.9 MB to 161.3 MB.
Total: 6.640400 ms (FindLiveObjects: 0.168200 ms CreateObjectMapping: 0.069800 ms MarkObjects: 5.036800 ms  DeleteObjects: 1.364000 ms)

Registering precompiled user dll's ...
Registered in 0.015695 seconds.
Start importing Assets/Scenes/CancerGalaxy.unity using Guid(e8985b5b05ef35a41b0fb078952ee9c8) Importer(-1,00000000000000000000000000000000)  -> (artifact id: '3648514f0713082bddb0912771bb36d2') in 0.001084 seconds 
Refreshing native plugins compatible for Editor in 0.60 ms, found 4 plugins.
Preloading 0 native plugins for Editor in 0.00 ms.
Asset Pipeline Refresh: Total: 0.061 seconds - Initiated by StopAssetImportingV2(NoUpdateAssetOptions)
Unloading 27 Unused Serialized files (Serialized files now loaded: 0)
Unloading 38 unused Assets / (16.5 MB). Loaded Objects now: 4313.
Memory consumption went from 149.8 MB to 133.3 MB.
Total: 6.078800 ms (FindLiveObjects: 0.200300 ms CreateObjectMapping: 0.102100 ms MarkObjects: 4.483200 ms  DeleteObjects: 1.292400 ms)

Registering precompiled user dll's ...
Registered in 0.015727 seconds.
Start importing Assets/Scenes/ResultSummary.unity using Guid(d9673113e2ab5714cb3cb201a33976f8) Importer(-1,00000000000000000000000000000000)  -> (artifact id: '4607071125773283c399ef9995599a0a') in 0.001286 seconds 
Refreshing native plugins compatible for Editor in 0.62 ms, found 4 plugins.
Preloading 0 native plugins for Editor in 0.00 ms.
Asset Pipeline Refresh: Total: 0.063 seconds - Initiated by StopAssetImportingV2(NoUpdateAssetOptions)
Asset Pipeline Refresh: Total: 0.007 seconds - Initiated by RefreshV2(NoUpdateAssetOptions)
PHASE_B_SCENES_BUILT: MainMenu, CaseAnalysis, CancerGalaxy, ResultSummary
UnityEngine.StackTraceUtility:ExtractStackTrace ()
UnityEngine.DebugLogHandler:LogFormat (UnityEngine.LogType,UnityEngine.Object,string,object[])
UnityEngine.Logger:Log (UnityEngine.LogType,object)
UnityEngine.Debug:Log (object)
CancerTrace.EditorTools.PhaseBSceneBuilder:BuildFormalScenes () (at Assets/Editor/PhaseBSceneBuilder.cs:91)
CancerTrace.EditorTools.PhaseBIntegrationSmokeTest:RunBatchSmokeTest () (at Assets/Editor/PhaseBIntegrationSmokeTest.cs:34)

(Filename: Assets/Editor/PhaseBSceneBuilder.cs Line: 91)

Opening scene 'Assets/Scenes/MainMenu.unity'
Unloading 3 Unused Serialized files (Serialized files now loaded: 0)
Loaded scene 'Assets/Scenes/MainMenu.unity'
	Deserialize:            4.986 ms
	Integration:            183.166 ms
	Integration of assets:  0.144 ms
	Thread Wait Time:       0.020 ms
	Total Operation Time:   188.316 ms
Unloading 34 unused Assets / (340.5 KB). Loaded Objects now: 4402.
Memory consumption went from 168.0 MB to 167.7 MB.
Total: 5.015500 ms (FindLiveObjects: 0.226600 ms CreateObjectMapping: 0.092200 ms MarkObjects: 4.622100 ms  DeleteObjects: 0.073900 ms)

Opening scene 'Assets/Scenes/CaseAnalysis.unity'
Unloading 12 Unused Serialized files (Serialized files now loaded: 0)
Loaded scene 'Assets/Scenes/CaseAnalysis.unity'
	Deserialize:            9.984 ms
	Integration:            199.711 ms
	Integration of assets:  0.279 ms
	Thread Wait Time:       0.041 ms
	Total Operation Time:   210.015 ms
Unloading 9 unused Assets / (44.7 KB). Loaded Objects now: 4544.
Memory consumption went from 196.1 MB to 196.0 MB.
Total: 6.524400 ms (FindLiveObjects: 0.288000 ms CreateObjectMapping: 0.085200 ms MarkObjects: 6.050900 ms  DeleteObjects: 0.099000 ms)

Opening scene 'Assets/Scenes/CancerGalaxy.unity'
Unloading 10 Unused Serialized files (Serialized files now loaded: 0)
Loaded scene 'Assets/Scenes/CancerGalaxy.unity'
	Deserialize:            3.451 ms
	Integration:            215.020 ms
	Integration of assets:  0.498 ms
	Thread Wait Time:       0.057 ms
	Total Operation Time:   219.026 ms
Unloading 13 unused Assets / (69.5 KB). Loaded Objects now: 4390.
Memory consumption went from 182.8 MB to 182.8 MB.
Total: 7.260400 ms (FindLiveObjects: 0.450600 ms CreateObjectMapping: 0.107100 ms MarkObjects: 6.626900 ms  DeleteObjects: 0.074400 ms)

Opening scene 'Assets/Scenes/ResultSummary.unity'
Unloading 5 Unused Serialized files (Serialized files now loaded: 0)
Loaded scene 'Assets/Scenes/ResultSummary.unity'
	Deserialize:            4.278 ms
	Integration:            203.063 ms
	Integration of assets:  0.261 ms
	Thread Wait Time:       0.039 ms
	Total Operation Time:   207.642 ms
Unloading 5 unused Assets / (22.0 KB). Loaded Objects now: 4393.
Memory consumption went from 162.5 MB to 162.5 MB.
Total: 5.158100 ms (FindLiveObjects: 0.254200 ms CreateObjectMapping: 0.102100 ms MarkObjects: 4.755000 ms  DeleteObjects: 0.046000 ms)

PHASE_B_UI_SMOKE_TEST_PASSED: formal scenes, TMP font, no missing scripts, Case 1 tools/evidence/result, save restore, and Case 2 reset all verified.
UnityEngine.StackTraceUtility:ExtractStackTrace ()
UnityEngine.DebugLogHandler:LogFormat (UnityEngine.LogType,UnityEngine.Object,string,object[])
UnityEngine.Logger:Log (UnityEngine.LogType,object)
UnityEngine.Debug:Log (object)
CancerTrace.EditorTools.PhaseBIntegrationSmokeTest:RunBatchSmokeTest () (at Assets/Editor/PhaseBIntegrationSmokeTest.cs:37)

(Filename: Assets/Editor/PhaseBIntegrationSmokeTest.cs Line: 37)

Batchmode quit successfully invoked - shutting down!
[Licensing::IpcConnector] License Notification channel disconnected successfully.
[Licensing::IpcConnector] License Client channel disconnected successfully.
AcceleratorClientConnectionCallback - disconnected - :0
Cleanup mono
debugger-agent: Unable to listen on 5036
[Performance] WinEditorMain                                                                                              :        1 samples, Peak.  3.53 s (1.0x), Avg.  3.53 s, Total. 3.533 s (16.7%)
[Performance] WinEditorMain.ConfigureCrashHandler                                                                        :        1 samples, Peak.  47.1 us (1.0x), Avg.  47.1 us, Total. 47.10 us (0.0%)
[Performance] WinEditorMain.CurlRequestInitialize                                                                        :        1 samples, Peak.  1.30 ms (1.0x), Avg.  1.30 ms, Total. 1.303 ms (0.0%)
[Performance] WinEditorMain.SetupLogFile                                                                                 :        1 samples, Peak.  1.88 ms (1.0x), Avg.  1.88 ms, Total. 1.885 ms (0.0%)
[Performance] WinEditorMain.RunNativeTestsIfRequiredAndExit                                                              :        1 samples, Peak.   300 ns (1.0x), Avg.   300 ns, Total. 300.0 ns (0.0%)
[Performance] WinEditorMain.Licensing                                                                                    :        1 samples, Peak.  3.49 s (1.0x), Avg.  3.49 s, Total. 3.487 s (16.5%)
[Performance] WinEditorMain.InitializeCrashHandler                                                                       :        1 samples, Peak.  15.1 ms (1.0x), Avg.  15.1 ms, Total. 15.09 ms (0.1%)
[Performance] WinEditorMain.CreateApplication                                                                            :        1 samples, Peak.  21.4 ms (1.0x), Avg.  21.4 ms, Total. 21.42 ms (0.1%)
[Performance] Application.InitializeProject                                                                              :        1 samples, Peak.  13.8 s (1.0x), Avg.  13.8 s, Total. 13.79 s (65.2%)
[Performance] Application.PackageManager.StartServer                                                                     :        1 samples, Peak.   219 ms (1.0x), Avg.   219 ms, Total. 219.2 ms (1.0%)
[Performance] Application.AcquireProjectLock                                                                             :        1 samples, Peak.  8.18 ms (1.0x), Avg.  8.18 ms, Total. 8.176 ms (0.0%)
[Performance] Application.InitializeEngineNoGraphics                                                                     :        1 samples, Peak.  62.7 ms (1.0x), Avg.  62.7 ms, Total. 62.66 ms (0.3%)
[Performance] Application.PackageManager.Initialize                                                                      :        1 samples, Peak.   979 ms (1.0x), Avg.   979 ms, Total. 978.9 ms (4.6%)
[Performance] CurlRequestCheck                                                                                           :       18 samples, Peak.  53.4 us (6.0x), Avg.  8.92 us, Total. 160.6 us (0.0%)
[Performance] Application.EngineGraphics.Initialize                                                                      :        1 samples, Peak.  42.3 ms (1.0x), Avg.  42.3 ms, Total. 42.25 ms (0.2%)
[Performance] Application.GI.Initialize                                                                                  :        1 samples, Peak.  3.21 ms (1.0x), Avg.  3.21 ms, Total. 3.212 ms (0.0%)
[Performance] Application.LoadAllDefaultResourcesFromEditor                                                              :        1 samples, Peak.  2.47 ms (1.0x), Avg.  2.47 ms, Total. 2.469 ms (0.0%)
[Performance] Application.LoadMonoAssemblies                                                                             :        1 samples, Peak.   657 ms (1.0x), Avg.   657 ms, Total. 656.7 ms (3.1%)
[Performance] RestoreManagedReferences                                                                                   :        2 samples, Peak.  45.5 ms (2.0x), Avg.  22.7 ms, Total. 45.48 ms (0.2%)
[Performance] InitializeOnLoad LayerSettingsWindow                                                                       :        2 samples, Peak.   293 us (1.2x), Avg.   248 us, Total. 496.0 us (0.0%)
[Performance] InitializeOnLoad ParameterControllerEditor                                                                 :        2 samples, Peak.  15.9 us (1.1x), Avg.  14.8 us, Total. 29.60 us (0.0%)
[Performance] InitializeOnLoad ServicesRepository                                                                        :        2 samples, Peak.   729 us (1.0x), Avg.   711 us, Total. 1.422 ms (0.0%)
[Performance] InitializeOnLoad AdsService                                                                                :        2 samples, Peak.  6.82 ms (1.3x), Avg.  5.43 ms, Total. 10.86 ms (0.1%)
[Performance] InitializeOnLoad AnalyticsService                                                                          :        2 samples, Peak.   157 us (1.0x), Avg.   152 us, Total. 304.3 us (0.0%)
[Performance] InitializeOnLoad BuildService                                                                              :        2 samples, Peak.   149 us (1.1x), Avg.   134 us, Total. 267.1 us (0.0%)
[Performance] InitializeOnLoad CloudBuildPoller                                                                          :        2 samples, Peak.  99.5 us (1.0x), Avg.  95.2 us, Total. 190.3 us (0.0%)
[Performance] InitializeOnLoad CrashService                                                                              :        2 samples, Peak.   122 us (1.0x), Avg.   119 us, Total. 237.4 us (0.0%)
[Performance] InitializeOnLoad PurchasingService                                                                         :        2 samples, Peak.  6.67 ms (1.5x), Avg.  4.50 ms, Total. 8.999 ms (0.0%)
[Performance] InitializeOnLoad UDPService                                                                                :        2 samples, Peak.   151 us (1.0x), Avg.   150 us, Total. 299.8 us (0.0%)
[Performance] InitializeOnLoad UIDocumentHierarchyWatcher                                                                :        2 samples, Peak.   744 us (1.6x), Avg.   475 us, Total. 950.9 us (0.0%)
[Performance] InitializeOnLoad RetainedMode                                                                              :        2 samples, Peak.  2.18 ms (1.1x), Avg.  2.05 ms, Total. 4.105 ms (0.0%)
[Performance] InitializeOnLoad EditorMonitor                                                                             :        2 samples, Peak.   160 us (1.0x), Avg.   156 us, Total. 311.3 us (0.0%)
[Performance] InitializeOnLoad EditorShaderLoader                                                                        :        2 samples, Peak.   905 us (1.0x), Avg.   883 us, Total. 1.765 ms (0.0%)
[Performance] InitializeOnLoad UXMLEditorFactories                                                                       :        2 samples, Peak.  48.9 ms (1.0x), Avg.  47.6 ms, Total. 95.23 ms (0.5%)
[Performance] InitializeOnLoad SearchMonitor                                                                             :        2 samples, Peak.  24.9 ms (1.5x), Avg.  16.7 ms, Total. 33.37 ms (0.2%)
[Performance] InitializeOnLoad CustomIndexers                                                                            :        2 samples, Peak.  16.5 ms (1.1x), Avg.  15.2 ms, Total. 30.39 ms (0.1%)
[Performance] InitializeOnLoad PlayModeDownload                                                                          :        2 samples, Peak.  2.23 ms (1.9x), Avg.  1.19 ms, Total. 2.381 ms (0.0%)
[Performance] InitializeOnLoad SearchWindow                                                                              :        2 samples, Peak.   113 us (1.0x), Avg.   110 us, Total. 219.3 us (0.0%)
[Performance] InitializeOnLoad EditMode                                                                                  :        2 samples, Peak.   431 us (1.3x), Avg.   322 us, Total. 643.9 us (0.0%)
[Performance] InitializeOnLoad AssetStoreContext                                                                         :        2 samples, Peak.  5.38 ms (1.8x), Avg.  2.91 ms, Total. 5.820 ms (0.0%)
[Performance] InitializeOnLoad DrivenRectTransformUndo                                                                   :        2 samples, Peak.   222 us (1.1x), Avg.   211 us, Total. 422.1 us (0.0%)
[Performance] InitializeOnLoad CacheServerWindow                                                                         :        2 samples, Peak.  10.0 us (1.1x), Avg.  9.25 us, Total. 18.50 us (0.0%)
[Performance] InitializeOnLoad ManagedDebuggerWindow                                                                     :        2 samples, Peak.   712 us (1.4x), Avg.   493 us, Total. 986.1 us (0.0%)
[Performance] InitializeOnLoad WindowLayout                                                                              :        2 samples, Peak.  4.05 ms (1.9x), Avg.  2.15 ms, Total. 4.303 ms (0.0%)
[Performance] InitializeOnLoad PrefabInstanceChangedListener                                                             :        2 samples, Peak.   161 us (1.6x), Avg.  99.8 us, Total. 199.7 us (0.0%)
[Performance] InitializeOnLoad SettingsService                                                                           :        2 samples, Peak.  6.60 us (1.2x), Avg.  5.60 us, Total. 11.20 us (0.0%)
[Performance] InitializeOnLoad NativeFormatImporterUtility                                                               :        2 samples, Peak.  2.21 ms (1.1x), Avg.  1.96 ms, Total. 3.929 ms (0.0%)
[Performance] InitializeOnLoad UISystemProfilerRenderService                                                             :        2 samples, Peak.  9.30 us (1.1x), Avg.  8.80 us, Total. 17.60 us (0.0%)
[Performance] InitializeOnLoad ShortcutIntegration                                                                       :        2 samples, Peak.  73.3 us (1.0x), Avg.  71.5 us, Total. 143.1 us (0.0%)
[Performance] InitializeOnLoad UnityConnect                                                                              :        2 samples, Peak.  47.2 us (1.0x), Avg.  47.1 us, Total. 94.20 us (0.0%)
[Performance] InitializeOnLoad ObjectSelectorSearch                                                                      :        2 samples, Peak.   321 us (1.8x), Avg.   176 us, Total. 352.8 us (0.0%)
[Performance] InitializeOnLoad ProjectSearch                                                                             :        2 samples, Peak.  35.0 us (1.0x), Avg.  33.5 us, Total. 67.00 us (0.0%)
[Performance] InitializeOnLoad SceneSearch                                                                               :        2 samples, Peak.  23.2 us (1.0x), Avg.  22.1 us, Total. 44.20 us (0.0%)
[Performance] InitializeOnLoad SearchService                                                                             :        2 samples, Peak.  95.8 us (1.0x), Avg.  94.1 us, Total. 188.2 us (0.0%)
[Performance] InitializeOnLoad AddComponentWindow                                                                        :        2 samples, Peak.  79.5 us (1.0x), Avg.  77.7 us, Total. 155.4 us (0.0%)
[Performance] InitializeOnLoad CloudBuild                                                                                :        2 samples, Peak.  2.00 us (1.0x), Avg.  2.00 us, Total. 4.000 us (0.0%)
[Performance] InitializeOnLoad MixerEffectDefinitionReloader                                                             :        2 samples, Peak.  2.25 ms (1.2x), Avg.  1.94 ms, Total. 3.874 ms (0.0%)
[Performance] InitializeOnLoad MenuItems                                                                                 :        2 samples, Peak.   105 us (1.0x), Avg.   101 us, Total. 201.5 us (0.0%)
[Performance] InitializeOnLoad ManagedDebugger                                                                           :        2 samples, Peak.   700 ns (1.1x), Avg.   650 ns, Total. 1.300 us (0.0%)
[Performance] InitializeOnLoad EditorDragAndDrop.RegisterEditorClient                                                    :        2 samples, Peak.   913 us (1.6x), Avg.   588 us, Total. 1.177 ms (0.0%)
[Performance] InitializeOnLoad EditorDelegateRegistration.Initialize                                                     :        2 samples, Peak.   394 us (1.0x), Avg.   377 us, Total. 753.0 us (0.0%)
[Performance] InitializeOnLoad LiveReloadTrackerCreator.Initialize                                                       :        2 samples, Peak.   163 us (1.0x), Avg.   158 us, Total. 315.9 us (0.0%)
[Performance] InitializeOnLoad PackageManagerHookGUIDConverter.RegisterPackagesEventHandler                              :        2 samples, Peak.   119 us (1.0x), Avg.   117 us, Total. 233.9 us (0.0%)
[Performance] InitializeOnLoad RuntimeEditorDelegateRegistration.Initialize                                              :        2 samples, Peak.   182 us (1.1x), Avg.   171 us, Total. 341.2 us (0.0%)
[Performance] InitializeOnLoad EditorEventCallbacks.InitializeFontAssetResourceChangeCallBacks                           :        2 samples, Peak.  1.11 ms (1.0x), Avg.  1.09 ms, Total. 2.171 ms (0.0%)
[Performance] InitializeOnLoad SceneTemplateService.Init                                                                 :        2 samples, Peak.   493 us (1.4x), Avg.   362 us, Total. 723.3 us (0.0%)
[Performance] InitializeOnLoad PackageManagerWindow.EditorInitializedInSafeMode                                          :        2 samples, Peak.  26.1 ms (2.0x), Avg.  13.1 ms, Total. 26.27 ms (0.1%)
[Performance] InitializeOnLoad EntitlementsErrorChecker.OpenFirstEntitlementError                                        :        2 samples, Peak.  7.49 ms (1.9x), Avg.  3.96 ms, Total. 7.921 ms (0.0%)
[Performance] InitializeOnLoad ScopedRegistryAddedPopup.SubscribeToRegistriesAdded                                       :        2 samples, Peak.   162 us (1.2x), Avg.   140 us, Total. 280.2 us (0.0%)
[Performance] InitializeOnLoad DiagnosticSwitchesConsoleMessage.Init                                                     :        2 samples, Peak.  7.13 ms (1.8x), Avg.  3.92 ms, Total. 7.836 ms (0.0%)
[Performance] InitializeOnLoad SysrootManager.Initialize                                                                 :        2 samples, Peak.   490 us (1.0x), Avg.   471 us, Total. 942.9 us (0.0%)
[Performance] InitializeOnLoad AssetPostprocessingInternal.RefreshCustomDependencies                                     :        2 samples, Peak.  1.98 ms (1.5x), Avg.  1.36 ms, Total. 2.718 ms (0.0%)
[Performance] InitializeOnLoad EditorWindow.Initialize                                                                   :        2 samples, Peak.   203 us (1.1x), Avg.   183 us, Total. 366.5 us (0.0%)
[Performance] InitializeOnLoad SceneVisibilityManager.Initialize                                                         :        2 samples, Peak.  4.99 ms (1.1x), Avg.  4.53 ms, Total. 9.066 ms (0.0%)
[Performance] InitializeOnLoad MemoryProfilerCompilationGuard.InjectCompileGuard                                         :        2 samples, Peak.   158 us (1.1x), Avg.   150 us, Total. 299.1 us (0.0%)
[Performance] ProcessService.EditorAfterLoadAllAssemblies                                                                :        2 samples, Peak.   328 us (1.1x), Avg.   290 us, Total. 580.0 us (0.0%)
[Performance] Application.ReadLicenseInfo                                                                                :        1 samples, Peak.  19.1 ms (1.0x), Avg.  19.1 ms, Total. 19.10 ms (0.1%)
[Performance] Application.InitialRefresh                                                                                 :        1 samples, Peak.  10.4 s (1.0x), Avg.  10.4 s, Total. 10.43 s (49.3%)
[Performance] ShaderImporter.SourceAssetModified                                                                         :        6 samples, Peak.  1.40 us (1.3x), Avg.  1.07 us, Total. 6.400 us (0.0%)
[Performance] ShaderIncludeImporter.SourceAssetModified                                                                  :        6 samples, Peak.  1.30 us (1.2x), Avg.  1.05 us, Total. 6.300 us (0.0%)
[Performance] PresetManagerPostProcessor.OnPreprocessAsset                                                               :       11 samples, Peak.   327 us (4.9x), Avg.  67.1 us, Total. 737.6 us (0.0%)
[Performance] CancelSplashScreenOnAssetChange.OnPreprocessAsset                                                          :       11 samples, Peak.   137 us (5.5x), Avg.  24.9 us, Total. 273.7 us (0.0%)
[Performance] Compiling Scripts                                                                                          :        1 samples, Peak.  2.40 s (1.0x), Avg.  2.40 s, Total. 2.396 s (11.3%)
[Performance] InitializeOnLoad SceneDragAndDrop                                                                          :        1 samples, Peak.  2.12 ms (1.0x), Avg.  2.12 ms, Total. 2.118 ms (0.0%)
[Performance] InitializeOnLoad SpriteShapeUnityAnalyticsStorage                                                          :        1 samples, Peak.  32.0 us (1.0x), Avg.  32.0 us, Total. 32.00 us (0.0%)
[Performance] InitializeOnLoad SpriteShapeUpdateCache                                                                    :        1 samples, Peak.  1.14 ms (1.0x), Avg.  1.14 ms, Total. 1.136 ms (0.0%)
[Performance] InitializeOnLoad ToolbarBootstrap                                                                          :        1 samples, Peak.  1.13 s (1.0x), Avg.  1.13 s, Total. 1.132 s (5.4%)
[Performance] Package.AsyncRequest                                                                                       :        3 samples, Peak.  1.33 ms (3.0x), Avg.   446 us, Total. 1.338 ms (0.0%)
[Performance] InitializeOnLoad BackgroundImport                                                                          :        1 samples, Peak.   161 us (1.0x), Avg.   161 us, Total. 161.1 us (0.0%)
[Performance] InitializeOnLoad BurstLoader                                                                               :        1 samples, Peak.  1.97 s (1.0x), Avg.  1.97 s, Total. 1.975 s (9.3%)
[Performance] InitializeOnLoad RiderScriptEditor                                                                         :        1 samples, Peak.  13.8 ms (1.0x), Avg.  13.8 ms, Total. 13.84 ms (0.1%)
[Performance] InitializeOnLoad CallbackInitializer                                                                       :        1 samples, Peak.  1.01 ms (1.0x), Avg.  1.01 ms, Total. 1.006 ms (0.0%)
[Performance] InitializeOnLoad PlasticPlugin                                                                             :        1 samples, Peak.  1.40 us (1.0x), Avg.  1.40 us, Total. 1.400 us (0.0%)
[Performance] InitializeOnLoad PrefabLayoutRebuilder                                                                     :        1 samples, Peak.   267 us (1.0x), Avg.   267 us, Total. 266.6 us (0.0%)
[Performance] InitializeOnLoad Analytics                                                                                 :        1 samples, Peak.   817 us (1.0x), Avg.   817 us, Total. 817.0 us (0.0%)
[Performance] InitializeOnLoad EditorToolManager                                                                         :        1 samples, Peak.   283 us (1.0x), Avg.   283 us, Total. 283.5 us (0.0%)
[Performance] InitializeOnLoad SpriteEditorWindow                                                                        :        1 samples, Peak.   338 us (1.0x), Avg.   338 us, Total. 337.9 us (0.0%)
[Performance] InitializeOnLoad RerunCallbackInitializer                                                                  :        1 samples, Peak.  2.25 ms (1.0x), Avg.  2.25 ms, Total. 2.247 ms (0.0%)
[Performance] InitializeOnLoad UnityTestProtocolStarter                                                                  :        1 samples, Peak.   154 us (1.0x), Avg.   154 us, Total. 154.3 us (0.0%)
[Performance] InitializeOnLoad TestStarter                                                                               :        1 samples, Peak.   604 us (1.0x), Avg.   604 us, Total. 603.6 us (0.0%)
[Performance] InitializeOnLoad BackgroundWatcher                                                                         :        1 samples, Peak.  65.5 us (1.0x), Avg.  65.5 us, Total. 65.50 us (0.0%)
[Performance] InitializeOnLoad VSUsageUtility                                                                            :        1 samples, Peak.  17.6 ms (1.0x), Avg.  17.6 ms, Total. 17.58 ms (0.1%)
[Performance] InitializeOnLoad VisualStudioEditor                                                                        :        1 samples, Peak.  8.10 ms (1.0x), Avg.  8.10 ms, Total. 8.105 ms (0.0%)
[Performance] InitializeOnLoad VisualStudioIntegration                                                                   :        1 samples, Peak.  2.30 ms (1.0x), Avg.  2.30 ms, Total. 2.295 ms (0.0%)
[Performance] InitializeOnLoad TestRunnerApiListener                                                                     :        1 samples, Peak.   347 us (1.0x), Avg.   347 us, Total. 346.7 us (0.0%)
[Performance] InitializeOnLoad VSCodeScriptEditor                                                                        :        1 samples, Peak.  7.76 ms (1.0x), Avg.  7.76 ms, Total. 7.763 ms (0.0%)
[Performance] InitializeOnLoad UnityAnalyticsStorage                                                                     :        1 samples, Peak.  2.07 ms (1.0x), Avg.  2.07 ms, Total. 2.067 ms (0.0%)
[Performance] InitializeOnLoad BoneGizmoInitializer                                                                      :        1 samples, Peak.  5.38 ms (1.0x), Avg.  5.38 ms, Total. 5.384 ms (0.0%)
[Performance] InitializeOnLoad $BurstDirectCallInitializer.Initialize                                                    :        5 samples, Peak.  17.2 ms (3.0x), Avg.  5.81 ms, Total. 29.03 ms (0.1%)
[Performance] InitializeOnLoad BackgroundImport.Setup                                                                    :        1 samples, Peak.   410 us (1.0x), Avg.   410 us, Total. 409.9 us (0.0%)
[Performance] InitializeOnLoad IKEditorManager.CreateInstance                                                            :        1 samples, Peak.  2.30 ms (1.0x), Avg.  2.30 ms, Total. 2.299 ms (0.0%)
[Performance] InitializeOnLoad TestJobDataHolder.ResumeRunningJobs                                                       :        1 samples, Peak.   510 us (1.0x), Avg.   510 us, Total. 510.3 us (0.0%)
[Performance] InitializeOnLoad AnalyticsReporter.RegisterCallbacks                                                       :        1 samples, Peak.   202 us (1.0x), Avg.   202 us, Total. 201.9 us (0.0%)
[Performance] InitializeOnLoad VisualStudioEditor.LegacyVisualStudioCodePackageDisabler                                  :        1 samples, Peak.  5.70 ms (1.0x), Avg.  5.70 ms, Total. 5.698 ms (0.0%)
[Performance] InitializeOnLoad SceneViewGridManager.Initialize                                                           :        1 samples, Peak.  4.50 ms (1.0x), Avg.  4.50 ms, Total. 4.496 ms (0.0%)
[Performance] InitializeOnLoad SceneViewOpenTilePaletteHelper.Initialize                                                 :        1 samples, Peak.  1.19 ms (1.0x), Avg.  1.19 ms, Total. 1.186 ms (0.0%)
[Performance] InitializeOnLoad TileDragAndDropManager.Initialize                                                         :        1 samples, Peak.   905 us (1.0x), Avg.   905 us, Total. 904.9 us (0.0%)
[Performance] InitializeOnLoad TilemapPrefabStageHelper.Initialize                                                       :        1 samples, Peak.   885 us (1.0x), Avg.   885 us, Total. 885.3 us (0.0%)
[Performance] DidReloadScriptsTestListCache.ScriptReloaded                                                               :        1 samples, Peak.  1.08 ms (1.0x), Avg.  1.08 ms, Total. 1.080 ms (0.0%)
[Performance] DidReloadScriptsTestRunnerWindow.CompilationCallback                                                       :        1 samples, Peak.   552 us (1.0x), Avg.   552 us, Total. 552.1 us (0.0%)
[Performance] DidReloadScriptsAdvancedDropdownWindow.OnScriptReload                                                      :        1 samples, Peak.   216 us (1.0x), Avg.   216 us, Total. 215.8 us (0.0%)
[Performance] AssemblyReloadEvents.afterAssemblyReload: UnityEditor.U2D.Animation.BoneGizmo.OnAfterAssemblyReload        :        1 samples, Peak.   899 us (1.0x), Avg.   899 us, Total. 898.7 us (0.0%)
[Performance] AssetDatabase.ImportAssets                                                                                 :       17 samples, Peak.  2.10 us (2.7x), Avg.   788 ns, Total. 13.40 us (0.0%)
[Performance] VersionControl.Task.Wait                                                                                   :        1 samples, Peak.  9.30 us (1.0x), Avg.  9.30 us, Total. 9.300 us (0.0%)
[Performance] TMPro_TexturePostProcessor.OnPostprocessAllAssets                                                          :       10 samples, Peak.   685 us (5.0x), Avg.   137 us, Total. 1.369 ms (0.0%)
[Performance] AssetPostprocessor.OnPostprocessAllAssets                                                                  :       10 samples, Peak.   988 us (5.0x), Avg.   196 us, Total. 1.962 ms (0.0%)
[Performance] BuilderAssetPostprocessor.OnPostprocessAllAssets                                                           :       10 samples, Peak.  14.7 ms (5.0x), Avg.  2.97 ms, Total. 29.66 ms (0.1%)
[Performance] ArtifactBrowserPostProcessor.OnPostprocessAllAssets                                                        :       10 samples, Peak.   531 us (4.9x), Avg.   108 us, Total. 1.080 ms (0.0%)
[Performance] AssetEvents.OnPostprocessAllAssets                                                                         :       20 samples, Peak.   265 us (7.7x), Avg.  34.2 us, Total. 684.6 us (0.0%)
[Performance] AudioMixerPostprocessor.OnPostprocessAllAssets                                                             :       10 samples, Peak.   274 us (4.9x), Avg.  56.2 us, Total. 561.6 us (0.0%)
[Performance] StyleCatalogPostProcessor.OnPostprocessAllAssets                                                           :       10 samples, Peak.  27.9 ms (5.0x), Avg.  5.59 ms, Total. 55.88 ms (0.3%)
[Performance] BuildCatalog                                                                                               :        1 samples, Peak.  26.8 ms (1.0x), Avg.  26.8 ms, Total. 26.83 ms (0.1%)
[Performance] ModelImporterPostProcessor.OnPostprocessAllAssets                                                          :       10 samples, Peak.  2.80 ms (4.3x), Avg.   653 us, Total. 6.531 ms (0.0%)
[Performance] RetainedModeAssetPostprocessor.OnPostprocessAllAssets                                                      :       10 samples, Peak.  1.58 ms (4.8x), Avg.   327 us, Total. 3.269 ms (0.0%)
[Performance] AssetChangedListener.OnPostprocessAllAssets                                                                :       10 samples, Peak.  5.11 ms (4.6x), Avg.  1.11 ms, Total. 11.14 ms (0.1%)
[Performance] SpeedTreePostProcessor.OnPostprocessAllAssets                                                              :       10 samples, Peak.   188 us (4.1x), Avg.  45.5 us, Total. 455.0 us (0.0%)
[Performance] TextAssetPostProcessor.OnPostprocessAllAssets                                                              :       10 samples, Peak.   376 us (4.6x), Avg.  81.5 us, Total. 814.5 us (0.0%)
[Performance] AssetProcessor.OnPostprocessAllAssets                                                                      :       30 samples, Peak.  1.89 ms (8.1x), Avg.   234 us, Total. 7.010 ms (0.0%)
[Performance] PSDImportPostProcessor.OnPostprocessAllAssets                                                              :       10 samples, Peak.   261 us (4.8x), Avg.  54.3 us, Total. 543.2 us (0.0%)
[Performance] SpriteEditorTexturePostprocessor.OnPostprocessAllAssets                                                    :       10 samples, Peak.   273 us (3.3x), Avg.  82.4 us, Total. 823.8 us (0.0%)
[Performance] SpriteShapeAssetPostProcessor.OnPostprocessAllAssets                                                       :       10 samples, Peak.   358 us (1.5x), Avg.   231 us, Total. 2.314 ms (0.0%)
[Performance] UIDocumentAssetPostProcessor.OnPostprocessAllAssets                                                        :       10 samples, Peak.   742 us (4.8x), Avg.   155 us, Total. 1.548 ms (0.0%)
[Performance] SyncVS.PostprocessSyncProject                                                                              :        5 samples, Peak.  4.50 ms (4.2x), Avg.  1.07 ms, Total. 5.334 ms (0.0%)
[Performance] Application.ImportPackagesAndSetTemplateWhenCreatingProject                                                :        1 samples, Peak.  15.8 ms (1.0x), Avg.  15.8 ms, Total. 15.77 ms (0.1%)
[Performance] Application.SyncCurrentColorSpace                                                                          :        1 samples, Peak.  11.9 ms (1.0x), Avg.  11.9 ms, Total. 11.90 ms (0.1%)
[Performance] Application.OnUsbDevicesChanged                                                                            :        1 samples, Peak.  5.52 ms (1.0x), Avg.  5.52 ms, Total. 5.516 ms (0.0%)
[Performance] Application.AssetInstanceCacheUpdate                                                                       :        1 samples, Peak.   300 ns (1.0x), Avg.   300 ns, Total. 300.0 ns (0.0%)
[Performance] Application.UnityExtensions.Initialize                                                                     :        1 samples, Peak.   931 us (1.0x), Avg.   931 us, Total. 931.2 us (0.0%)
[Performance] Application.InitializeManagedCompilationPipeline                                                           :        1 samples, Peak.   291 ms (1.0x), Avg.   291 ms, Total. 291.3 ms (1.4%)
[Performance] Application.ExecuteStartups                                                                                :        1 samples, Peak.  69.9 ms (1.0x), Avg.  69.9 ms, Total. 69.88 ms (0.3%)
[Performance] Menu.RegisterMenuInterface                                                                                 :       26 samples, Peak.  2.20 us (8.1x), Avg.   273 ns, Total. 7.100 us (0.0%)
[Performance] Gizmo.RebuildRenderers                                                                                     :        1 samples, Peak.  68.5 ms (1.0x), Avg.  68.5 ms, Total. 68.52 ms (0.3%)
[Performance] Gizmo.AddGizmoRenderers                                                                                    :       82 samples, Peak.  1.45 ms (50.3x), Avg.  28.7 us, Total. 2.356 ms (0.0%)
[Performance] Application.editorInitializingProject                                                                      :        1 samples, Peak.  23.8 us (1.0x), Avg.  23.8 us, Total. 23.80 us (0.0%)
[Performance] Application.InitializeMenu                                                                                 :        1 samples, Peak.   187 ms (1.0x), Avg.   187 ms, Total. 187.2 ms (0.9%)
[Performance] Menu.RebuildAll                                                                                            :        1 samples, Peak.   187 ms (1.0x), Avg.   187 ms, Total. 187.2 ms (0.9%)
[Performance] Menu.BuildRegisteredMenuInterfaces                                                                         :        1 samples, Peak.   182 ms (1.0x), Avg.   182 ms, Total. 182.3 ms (0.9%)
[Performance] Menu.FilterMenuItem                                                                                        :      599 samples, Peak.   100 ms (590.7x), Avg.   169 us, Total. 101.4 ms (0.5%)
[Performance] UpdateAllMenus                                                                                             :        1 samples, Peak.   551 us (1.0x), Avg.   551 us, Total. 551.0 us (0.0%)
[Performance] Menu.RebuildOSMainMenu                                                                                     :        2 samples, Peak.  4.32 ms (1.4x), Avg.  3.04 ms, Total. 6.076 ms (0.0%)
[Performance] EditorSceneManager.sceneClosing: UnityEditor.SceneVisibilityManager.EditorSceneManagerOnSceneClosing       :        9 samples, Peak.   294 us (8.3x), Avg.  35.6 us, Total. 320.2 us (0.0%)
[Performance] EditorSceneManager.sceneClosed: callback in UnityEditor.Search.SearchMonitor                               :        9 samples, Peak.  72.8 us (7.6x), Avg.  9.53 us, Total. 85.80 us (0.0%)
[Performance] EditorSceneManager.activeSceneChangedInEditMode: callback in UnityEditor.Search.SearchMonitor              :        9 samples, Peak.  23.2 us (6.2x), Avg.  3.76 us, Total. 33.80 us (0.0%)
[Performance] GUIView.RepaintAll.PlayerLoopController                                                                    :        5 samples, Peak.  1.20 us (1.3x), Avg.   940 ns, Total. 4.700 us (0.0%)
[Performance] EditorSceneManager.newSceneCreated: UnityEditor.SceneVisibilityManager.EditorSceneManagerOnNewSceneCreated :        5 samples, Peak.   348 us (4.1x), Avg.  85.4 us, Total. 426.9 us (0.0%)
[Performance] EditorSceneManager.newSceneCreated: UnityEditor.SceneManagement.StageNavigationManager.OnNewSceneCreated   :        5 samples, Peak.  69.1 us (4.5x), Avg.  15.2 us, Total. 76.10 us (0.0%)
[Performance] Application.InvokeFinishedLoadingProject                                                                   :        1 samples, Peak.   852 ms (1.0x), Avg.   852 ms, Total. 852.5 ms (4.0%)
[Performance] ProcessService.OnProjectLoaded                                                                             :        1 samples, Peak.  52.6 us (1.0x), Avg.  52.6 us, Total. 52.60 us (0.0%)
[Performance] SceneDataContainer.TransformHierarchyChangedSetParentCallback                                              :      249 samples, Peak.  18.6 us (15.7x), Avg.  1.18 us, Total. 294.2 us (0.0%)
[Performance] SceneVisibilityState.IsFlagSetInParents                                                                    :      675 samples, Peak.  4.90 us (12.4x), Avg.   394 ns, Total. 265.7 us (0.0%)
[Performance] AssetModificationProcessor.OnWillSaveAssets                                                                :        6 samples, Peak.   345 us (5.4x), Avg.  63.9 us, Total. 383.1 us (0.0%)
[Performance] StateMacroSavedEvent.OnWillSaveAssets                                                                      :        6 samples, Peak.   205 us (4.7x), Avg.  43.6 us, Total. 261.8 us (0.0%)
[Performance] PaletteAssetModificationProcessor.OnWillSaveAssets                                                         :        6 samples, Peak.   276 us (5.6x), Avg.  48.8 us, Total. 292.7 us (0.0%)
[Performance] FlowMacroSavedEvent.OnWillSaveAssets                                                                       :        6 samples, Peak.   161 us (5.5x), Avg.  29.3 us, Total. 175.9 us (0.0%)
[Performance] BuilderAssetModificationProcessor.OnWillSaveAssets                                                         :        6 samples, Peak.   362 us (5.9x), Avg.  61.8 us, Total. 371.0 us (0.0%)
[Performance] TerrainModificationProcessor.OnWillSaveAssets                                                              :        6 samples, Peak.   591 us (5.9x), Avg.  99.5 us, Total. 597.0 us (0.0%)
[Performance] EditorSceneManager.sceneSaving: callback in UnityEditor.U2D.SpriteShapeUpdateCache                         :        4 samples, Peak.   897 us (3.6x), Avg.   247 us, Total. 989.0 us (0.0%)
[Performance] EditorSceneManager.sceneSaving: UnityEditor.SceneVisibilityManager.EditorSceneManagerOnSceneSaving         :        4 samples, Peak.   208 us (3.9x), Avg.  53.6 us, Total. 214.5 us (0.0%)
[Performance] AssetDatabase.ImportAsset                                                                                  :        4 samples, Peak.  83.4 ms (1.2x), Avg.  68.3 ms, Total. 273.2 ms (1.3%)
[Performance] SpriteLibrarySourceAssetPostProcessor.OnPreprocessAsset                                                    :        4 samples, Peak.   241 us (3.8x), Avg.  62.9 us, Total. 251.7 us (0.0%)
[Performance] SpritePostProcess.OnPreprocessAsset                                                                        :        4 samples, Peak.  1.67 ms (3.9x), Avg.   427 us, Total. 1.709 ms (0.0%)
[Performance] EditorSceneManager.sceneSaved: UnityEditor.SceneTemplate.SceneTemplateService.OnSceneSaved                 :        4 samples, Peak.  20.4 ms (1.4x), Avg.  14.7 ms, Total. 58.86 ms (0.3%)
[Performance] EditorSceneManager.sceneSaved: UnityEditor.SceneVisibilityManager.EditorSceneManagerOnSceneSaved           :        4 samples, Peak.   134 us (3.3x), Avg.  40.8 us, Total. 163.3 us (0.0%)
[Performance] AssetDatabase.Refresh                                                                                      :        1 samples, Peak.  7.44 ms (1.0x), Avg.  7.44 ms, Total. 7.438 ms (0.0%)
[Performance] EditorSceneManager.sceneOpening: UnityEditor.SceneVisibilityManager.EditorSceneManagerOnSceneOpening       :        4 samples, Peak.   158 us (3.6x), Avg.  44.2 us, Total. 176.7 us (0.0%)
[Performance] Inspector.InitOrRebuild                                                                                    :        4 samples, Peak.   510 us (1.8x), Avg.   284 us, Total. 1.134 ms (0.0%)
[Performance] EditorSceneManager.sceneOpened: callback in UnityEditor.Search.SearchMonitor                               :        4 samples, Peak.  30.1 us (3.3x), Avg.  9.22 us, Total. 36.90 us (0.0%)
[Performance] EditorSceneManager.sceneOpened: UnityEditor.SceneVisibilityManager.EditorSceneManagerOnSceneOpened         :        4 samples, Peak.   278 us (3.9x), Avg.  71.6 us, Total. 286.3 us (0.0%)
[Performance] EditorSceneManager.sceneOpened: UnityEditor.SceneManagement.StageNavigationManager.OnSceneOpened           :        4 samples, Peak.  54.6 us (3.7x), Avg.  14.9 us, Total. 59.60 us (0.0%)
[Performance] EditorApplication.quitting: Unity.Burst.Editor.BurstLoader.OnEditorApplicationQuitting                     :        1 samples, Peak.  28.4 us (1.0x), Avg.  28.4 us, Total. 28.40 us (0.0%)
[Performance] EditorApplication.quitting: UnityEditor.Search.SearchMonitor.OnQuitting                                    :        1 samples, Peak.   869 us (1.0x), Avg.   869 us, Total. 868.5 us (0.0%)
[Performance] EditorApplication.quitting: UnityEditor.Tilemaps.SceneViewGridManager.EditorQuitting                       :        1 samples, Peak.   101 us (1.0x), Avg.   101 us, Total. 101.5 us (0.0%)
[Performance] EditorApplication.quitting: callback in UnityEditor.TextCore.Text.EditorEventCallbacks                     :        1 samples, Peak.  7.78 ms (1.0x), Avg.  7.78 ms, Total. 7.785 ms (0.0%)
[Performance] Application.Shutdown.PauseProfilerSession                                                                  :        1 samples, Peak.  36.7 us (1.0x), Avg.  36.7 us, Total. 36.70 us (0.0%)
[Performance] Application.Shutdown.PauseAssetImportWorkers                                                               :        1 samples, Peak.   191 us (1.0x), Avg.   191 us, Total. 190.9 us (0.0%)
[Performance] Application.Shutdown.SaveAssets                                                                            :        1 samples, Peak.  8.30 ms (1.0x), Avg.  8.30 ms, Total. 8.297 ms (0.0%)
[Performance] Application.Shutdown.CleanupRenderPipeline                                                                 :        1 samples, Peak.  13.1 us (1.0x), Avg.  13.1 us, Total. 13.10 us (0.0%)
[Performance] Application.Shutdown.StopPreloadManager                                                                    :        1 samples, Peak.  9.67 ms (1.0x), Avg.  9.67 ms, Total. 9.674 ms (0.0%)
[Performance] Application.Shutdown.DestroyWorld                                                                          :        1 samples, Peak.  1.24 ms (1.0x), Avg.  1.24 ms, Total. 1.237 ms (0.0%)
[Performance] Application.Shutdown.CleanupAfterLoad                                                                      :        1 samples, Peak.   170 ms (1.0x), Avg.   170 ms, Total. 169.6 ms (0.8%)
[Performance] Application.Shutdown.Progress                                                                              :        1 samples, Peak.  7.30 us (1.0x), Avg.  7.30 us, Total. 7.300 us (0.0%)
[Performance] Application.Shutdown.GICleanupManagers                                                                     :        1 samples, Peak.  1.57 ms (1.0x), Avg.  1.57 ms, Total. 1.567 ms (0.0%)
[Performance] Application.Shutdown.MenuCleanupClass                                                                      :        1 samples, Peak.   203 us (1.0x), Avg.   203 us, Total. 203.2 us (0.0%)
[Performance] Application.Shutdown.ADBSaveStateBeforeShutdown                                                            :        1 samples, Peak. 10.00 us (1.0x), Avg. 10.00 us, Total. 10.000 us (0.0%)
[Performance] Application.Shutdown.RemoteShutdown                                                                        :        1 samples, Peak.  1.20 us (1.0x), Avg.  1.20 us, Total. 1.200 us (0.0%)
[Performance] Application.Shutdown.CleanupVCProvider                                                                     :        1 samples, Peak.  8.30 us (1.0x), Avg.  8.30 us, Total. 8.300 us (0.0%)
[Performance] Application.Shutdown.InputShutdown                                                                         :        1 samples, Peak.   400 ns (1.0x), Avg.   400 ns, Total. 400.0 ns (0.0%)
[Performance] Application.Shutdown.GizmoManagerDestroy                                                                   :        1 samples, Peak.   790 us (1.0x), Avg.   790 us, Total. 790.3 us (0.0%)
[Performance] Application.Shutdown.ProfilerSession                                                                       :        1 samples, Peak.   185 us (1.0x), Avg.   185 us, Total. 184.8 us (0.0%)
[Performance] Application.Shutdown.ReleaseGfxWindowOnAllGUIViews                                                         :        1 samples, Peak.   600 ns (1.0x), Avg.   600 ns, Total. 600.0 ns (0.0%)
[Performance] Application.Shutdown.CleanupEngine                                                                         :        1 samples, Peak.   146 ms (1.0x), Avg.   146 ms, Total. 146.0 ms (0.7%)
[Performance] Application.Shutdown.CleanupAssetDatabase                                                                  :        1 samples, Peak.  9.18 ms (1.0x), Avg.  9.18 ms, Total. 9.184 ms (0.0%)
[Performance] Application.Shutdown.ScriptCompilationCleanUp                                                              :        1 samples, Peak.  22.5 us (1.0x), Avg.  22.5 us, Total. 22.50 us (0.0%)
[Performance] Application.Shutdown.DestroyJobSystem                                                                      :        1 samples, Peak.  28.7 us (1.0x), Avg.  28.7 us, Total. 28.70 us (0.0%)
[Performance] Application.Shutdown.CleanupPersistentManager                                                              :        1 samples, Peak.  2.23 ms (1.0x), Avg.  2.23 ms, Total. 2.229 ms (0.0%)
[Performance] Application.Shutdown.CleanupAsyncReadManager                                                               :        1 samples, Peak.   566 us (1.0x), Avg.   566 us, Total. 565.8 us (0.0%)
[Performance] Application.Shutdown.CleanupProgressBar                                                                    :        1 samples, Peak.  1.00 us (1.0x), Avg.  1.00 us, Total. 1.000 us (0.0%)
[Performance] Application.Shutdown.CleanupMono                                                                           :        1 samples, Peak.   116 ms (1.0x), Avg.   116 ms, Total. 116.0 ms (0.5%)
[Performance] Application.Shutdown.CleanupStdConverters                                                                  :        1 samples, Peak.  11.3 us (1.0x), Avg.  11.3 us, Total. 11.30 us (0.0%)
[Performance] Application.Shutdown.UnloadAllPlatformSupportModuleNativeDlls                                              :        1 samples, Peak.   300 ns (1.0x), Avg.   300 ns, Total. 300.0 ns (0.0%)
[Performance] Application.Shutdown.UnloadAllPlatformSupportNativeLibraries                                               :        1 samples, Peak. 100.0 ns (1.0x), Avg. 100.0 ns, Total. 100.00 ns (0.0%)
[Performance] Application.Shutdown.CleanupAutoDocumentation                                                              :        1 samples, Peak.   509 us (1.0x), Avg.   509 us, Total. 508.5 us (0.0%)
[Performance] Application.Shutdown.ShaderNameManagerDestroy                                                              :        1 samples, Peak.  56.1 us (1.0x), Avg.  56.1 us, Total. 56.10 us (0.0%)
[Performance] Application.Shutdown.CleanupCacheServer                                                                    :        1 samples, Peak.   300 ns (1.0x), Avg.   300 ns, Total. 300.0 ns (0.0%)
[Performance] Application.Shutdown.Virtualization_Shutdown                                                               :        1 samples, Peak.   500 ns (1.0x), Avg.   500 ns, Total. 500.0 ns (0.0%)
[Performance] Application.Shutdown.DevConnections                                                                        :        1 samples, Peak.   266 us (1.0x), Avg.   266 us, Total. 266.3 us (0.0%)
Exiting batchmode successfully now!
Exiting without the bug reporter. Application will terminate with return code 0